******************************************************************************
                  MSP430 Linker Unix v20.2.2                   
******************************************************************************
>> Linked Wed Jun 23 00:43:22 2021

OUTPUT FILE NAME:   <eusci_a uart_general_main.out>
ENTRY POINT SYMBOL: "_c_int00_noargs"  address: 00004892


MEMORY CONFIGURATION

         name            origin    length      used     unused   attr    fill
----------------------  --------  ---------  --------  --------  ----  --------
  TINYRAM               00000006   0000001a  00000000  0000001a  RWIX
  PERIPHERALS_8BIT      00000020   000000e0  00000000  000000e0  RWIX
  PERIPHERALS_16BIT     00000100   00000100  00000000  00000100  RWIX
  INFOD                 00001800   00000080  00000000  00000080  RWIX
  INFOC                 00001880   00000080  00000000  00000080  RWIX
  INFOB                 00001900   00000080  00000000  00000080  RWIX
  INFOA                 00001980   00000080  00000000  00000080  RWIX
  RAM                   00001c00   00000800  00000316  000004ea  RWIX
  FRAM                  00004400   0000bb80  0000053e  0000b642  RWIX
  JTAGSIGNATURE         0000ff80   00000004  00000004  00000000  RWIX  ffff 
  BSLSIGNATURE          0000ff84   00000004  00000004  00000000  RWIX  ffff 
  IPESIGNATURE          0000ff88   00000008  00000008  00000000  RWIX  ffff 
  INT00                 0000ff90   00000002  00000000  00000002  RWIX
  INT01                 0000ff92   00000002  00000000  00000002  RWIX
  INT02                 0000ff94   00000002  00000000  00000002  RWIX
  INT03                 0000ff96   00000002  00000000  00000002  RWIX
  INT04                 0000ff98   00000002  00000000  00000002  RWIX
  INT05                 0000ff9a   00000002  00000000  00000002  RWIX
  INT06                 0000ff9c   00000002  00000000  00000002  RWIX
  INT07                 0000ff9e   00000002  00000000  00000002  RWIX
  INT08                 0000ffa0   00000002  00000000  00000002  RWIX
  INT09                 0000ffa2   00000002  00000000  00000002  RWIX
  INT10                 0000ffa4   00000002  00000000  00000002  RWIX
  INT11                 0000ffa6   00000002  00000000  00000002  RWIX
  INT12                 0000ffa8   00000002  00000000  00000002  RWIX
  INT13                 0000ffaa   00000002  00000000  00000002  RWIX
  INT14                 0000ffac   00000002  00000000  00000002  RWIX
  INT15                 0000ffae   00000002  00000000  00000002  RWIX
  INT16                 0000ffb0   00000002  00000000  00000002  RWIX
  INT17                 0000ffb2   00000002  00000000  00000002  RWIX
  INT18                 0000ffb4   00000002  00000000  00000002  RWIX
  INT19                 0000ffb6   00000002  00000000  00000002  RWIX
  INT20                 0000ffb8   00000002  00000000  00000002  RWIX
  INT21                 0000ffba   00000002  00000000  00000002  RWIX
  INT22                 0000ffbc   00000002  00000000  00000002  RWIX
  INT23                 0000ffbe   00000002  00000000  00000002  RWIX
  INT24                 0000ffc0   00000002  00000000  00000002  RWIX
  INT25                 0000ffc2   00000002  00000000  00000002  RWIX
  INT26                 0000ffc4   00000002  00000000  00000002  RWIX
  INT27                 0000ffc6   00000002  00000002  00000000  RWIX
  INT28                 0000ffc8   00000002  00000002  00000000  RWIX
  INT29                 0000ffca   00000002  00000000  00000002  RWIX
  INT30                 0000ffcc   00000002  00000002  00000000  RWIX
  INT31                 0000ffce   00000002  00000002  00000000  RWIX
  INT32                 0000ffd0   00000002  00000002  00000000  RWIX
  INT33                 0000ffd2   00000002  00000002  00000000  RWIX
  INT34                 0000ffd4   00000002  00000002  00000000  RWIX
  INT35                 0000ffd6   00000002  00000002  00000000  RWIX
  INT36                 0000ffd8   00000002  00000002  00000000  RWIX
  INT37                 0000ffda   00000002  00000002  00000000  RWIX
  INT38                 0000ffdc   00000002  00000002  00000000  RWIX
  INT39                 0000ffde   00000002  00000002  00000000  RWIX
  INT40                 0000ffe0   00000002  00000002  00000000  RWIX
  INT41                 0000ffe2   00000002  00000002  00000000  RWIX
  INT42                 0000ffe4   00000002  00000002  00000000  RWIX
  INT43                 0000ffe6   00000002  00000002  00000000  RWIX
  INT44                 0000ffe8   00000002  00000002  00000000  RWIX
  INT45                 0000ffea   00000002  00000002  00000000  RWIX
  INT46                 0000ffec   00000002  00000002  00000000  RWIX
  INT47                 0000ffee   00000002  00000002  00000000  RWIX
  INT48                 0000fff0   00000002  00000000  00000002  RWIX
  INT49                 0000fff2   00000002  00000002  00000000  RWIX
  INT50                 0000fff4   00000002  00000002  00000000  RWIX
  INT51                 0000fff6   00000002  00000002  00000000  RWIX
  INT52                 0000fff8   00000002  00000002  00000000  RWIX
  INT53                 0000fffa   00000002  00000002  00000000  RWIX
  INT54                 0000fffc   00000002  00000002  00000000  RWIX
  RESET                 0000fffe   00000002  00000002  00000000  RWIX
  FRAM2                 00010000   00003ff8  000017c4  00002834  RWIX


SECTION ALLOCATION MAP

 output                                  attributes/
section   page    origin      length       input sections
--------  ----  ----------  ----------   ----------------
.TI.persistent 
*          0    00004400    00000000     UNINITIALIZED

.cio       0    00004400    00000000     UNINITIALIZED

.sysmem    0    00004400    00000000     UNINITIALIZED

.ipestruct 
*          0    00004400    00000000     UNINITIALIZED

.ipe       0    00004400    00000000     UNINITIALIZED

.ipe_const 
*          0    00004400    00000000     UNINITIALIZED

.ipe:_isr 
*          0    00004400    00000000     UNINITIALIZED

.ipe_vars 
*          0    00004400    00000000     UNINITIALIZED

.cinit     0    00004902    0000003c     
                  00004902    00000019     (.cinit..data.load) [load image, compression = lzss]
                  0000491b    00000001     --HOLE-- [fill = 0]
                  0000491c    0000000c     (__TI_handler_table)
                  00004928    00000006     (.cinit..bss.load) [load image, compression = zero_init]
                  0000492e    00000010     (__TI_cinit_table)

.binit     0    00004400    00000000     

.init_array 
*          0    00004400    00000000     UNINITIALIZED

.text:_isr 
*          0    00004400    000004b6     
                  00004400    000001c0     UART_RPI.obj (.text:_isr:USCI_A0_ISR)
                  000045c0    000000c6     eusci_a_uart_general_main.obj (.text:_isr:P3_ISR)
                  00004686    000000ba     eusci_b_i2c_nido.obj (.text:_isr:USCIB0_ISR)
                  00004740    000000a2     UART_RFID.obj (.text:_isr:USCI_A1_ISR)
                  000047e2    00000070     eusci_a_uart_general_main.obj (.text:_isr:P2_ISR)
                  00004852    00000040     calendar.obj (.text:_isr:RTC_ISR)
                  00004892    0000001c     rts430x_lc_rd_eabi.lib : boot.c.obj (.text:_isr:_c_int00_noargs)
                  000048ae    00000008                            : isr_trap.asm.obj (.text:_isr:__TI_ISR_TRAP)

.bss       0    00001c00    00000256     UNINITIALIZED
                  00001c00    00000200     (.common:Acciones)
                  00001e00    0000000e     (.common:trama_rx)
                  00001e0e    00000008     (.common:FechayHora)
                  00001e16    00000008     (.common:RXTrama)
                  00001e1e    00000008     (.common:hora_fecha)
                  00001e26    00000008     (.common:newTime)
                  00001e2e    00000004     eusci_a_uart_general_main.obj (.bss)
                  00001e32    00000004     (.common:RXData_rtc)
                  00001e36    00000004     (.common:aclk)
                  00001e3a    00000004     (.common:data)
                  00001e3e    00000004     (.common:smclk)
                  00001e42    00000002     (.common:Acciones_2b)
                  00001e44    00000002     (.common:l)
                  00001e46    00000002     (.common:len_Acciones)
                  00001e48    00000002     (.common:minutes)
                  00001e4a    00000002     (.common:size_temp)
                  00001e4c    00000002     (.common:t)
                  00001e4e    00000002     (.common:temp)
                  00001e50    00000001     (.common:RXData)
                  00001e51    00000001     (.common:i)
                  00001e52    00000001     (.common:innout)
                  00001e53    00000001     (.common:k)
                  00001e54    00000001     (.common:rpi_action)
                  00001e55    00000001     (.common:sensor)

.data      0    00001e56    00000020     UNINITIALIZED
                  00001e56    0000000d     eusci_a_uart_general_main.obj (.data)
                  00001e63    00000001     eusci_b_i2c_nido.obj (.data)
                  00001e64    00000008     cs.obj (.data)
                  00001e6c    00000006     eusci_a_uart_general_main.obj (.data:tag_rfid)
                  00001e72    00000002     UART_RFID.obj (.data)
                  00001e74    00000002     UART_RPI.obj (.data)

.stack     0    00002360    000000a0     UNINITIALIZED
                  00002360    00000004     rts430x_lc_rd_eabi.lib : boot.c.obj (.stack)
                  00002364    0000009c     --HOLE--

$fill000   0    0000ff80    00000004     
                  0000ff80    00000004     --HOLE-- [fill = ffff]

$fill001   0    0000ff84    00000004     
                  0000ff84    00000004     --HOLE-- [fill = ffff]

$fill002   0    0000ff88    00000008     
                  0000ff88    00000008     --HOLE-- [fill = ffff]

AES256     0    0000ffc6    00000002     
                  0000ffc6    00000002     rts430x_lc_rd_eabi.lib : int27.asm.obj (.int27)

RTC        0    0000ffc8    00000002     
                  0000ffc8    00000002     calendar.obj (.int28)

PORT4      0    0000ffcc    00000002     
                  0000ffcc    00000002     rts430x_lc_rd_eabi.lib : int30.asm.obj (.int30)

PORT3      0    0000ffce    00000002     
                  0000ffce    00000002     eusci_a_uart_general_main.obj (.int31)

TIMER3_A1 
*          0    0000ffd0    00000002     
                  0000ffd0    00000002     rts430x_lc_rd_eabi.lib : int32.asm.obj (.int32)

TIMER3_A0 
*          0    0000ffd2    00000002     
                  0000ffd2    00000002     rts430x_lc_rd_eabi.lib : int33.asm.obj (.int33)

PORT2      0    0000ffd4    00000002     
                  0000ffd4    00000002     eusci_a_uart_general_main.obj (.int34)

TIMER2_A1 
*          0    0000ffd6    00000002     
                  0000ffd6    00000002     rts430x_lc_rd_eabi.lib : int35.asm.obj (.int35)

TIMER2_A0 
*          0    0000ffd8    00000002     
                  0000ffd8    00000002     rts430x_lc_rd_eabi.lib : int36.asm.obj (.int36)

PORT1      0    0000ffda    00000002     
                  0000ffda    00000002     rts430x_lc_rd_eabi.lib : int37.asm.obj (.int37)

TIMER1_A1 
*          0    0000ffdc    00000002     
                  0000ffdc    00000002     rts430x_lc_rd_eabi.lib : int38.asm.obj (.int38)

TIMER1_A0 
*          0    0000ffde    00000002     
                  0000ffde    00000002     rts430x_lc_rd_eabi.lib : int39.asm.obj (.int39)

DMA        0    0000ffe0    00000002     
                  0000ffe0    00000002     rts430x_lc_rd_eabi.lib : int40.asm.obj (.int40)

USCI_B1    0    0000ffe2    00000002     
                  0000ffe2    00000002     rts430x_lc_rd_eabi.lib : int41.asm.obj (.int41)

USCI_A1    0    0000ffe4    00000002     
                  0000ffe4    00000002     UART_RFID.obj (.int42)

TIMER0_A1 
*          0    0000ffe6    00000002     
                  0000ffe6    00000002     rts430x_lc_rd_eabi.lib : int43.asm.obj (.int43)

TIMER0_A0 
*          0    0000ffe8    00000002     
                  0000ffe8    00000002     rts430x_lc_rd_eabi.lib : int44.asm.obj (.int44)

ADC12      0    0000ffea    00000002     
                  0000ffea    00000002     rts430x_lc_rd_eabi.lib : int45.asm.obj (.int45)

USCI_B0    0    0000ffec    00000002     
                  0000ffec    00000002     eusci_b_i2c_nido.obj (.int46)

USCI_A0    0    0000ffee    00000002     
                  0000ffee    00000002     UART_RPI.obj (.int47)

WDT        0    0000fff2    00000002     
                  0000fff2    00000002     rts430x_lc_rd_eabi.lib : int49.asm.obj (.int49)

TIMER0_B1 
*          0    0000fff4    00000002     
                  0000fff4    00000002     rts430x_lc_rd_eabi.lib : int50.asm.obj (.int50)

TIMER0_B0 
*          0    0000fff6    00000002     
                  0000fff6    00000002     rts430x_lc_rd_eabi.lib : int51.asm.obj (.int51)

COMP_E     0    0000fff8    00000002     
                  0000fff8    00000002     rts430x_lc_rd_eabi.lib : int52.asm.obj (.int52)

UNMI       0    0000fffa    00000002     
                  0000fffa    00000002     rts430x_lc_rd_eabi.lib : int53.asm.obj (.int53)

SYSNMI     0    0000fffc    00000002     
                  0000fffc    00000002     rts430x_lc_rd_eabi.lib : int54.asm.obj (.int54)

.reset     0    0000fffe    00000002     
                  0000fffe    00000002     rts430x_lc_rd_eabi.lib : boot.c.obj (.reset)

.const     0    000048b6    0000004c     
                  000048b6    0000001c     gpio.obj (.const:GPIO_PORT_TO_BASE)
                  000048d2    00000010     UART_RFID.obj (.const:$P$T0$1)
                  000048e2    00000010     UART_RPI.obj (.const:$P$T0$1)
                  000048f2    0000000c     eusci_b_i2c_nido.obj (.const:$P$T0$2)
                  000048fe    00000004     calendar.obj (.const:$P$T0$1)

.text      0    00010000    000017c4     
                  00010000    000003b6     eusci_a_uart_general_main.obj (.text:main)
                  000103b6    0000017c     cs.obj (.text:privateCSASourceClockFromDCO)
                  00010532    00000140     cs.obj (.text:CS_setDCOFreq)
                  00010672    000000fc     eusci_a_uart_general_main.obj (.text:buscar_capturado)
                  0001076e    000000e0     cs.obj (.text:privateCSAComputeCLKFrequency)
                  0001084e    000000a6     eusci_a_uart_general_main.obj (.text:save_movimiento)
                  000108f4    000000a2     eusci_b_i2c_nido.obj (.text:init_i2c)
                  00010996    000000a0     calendar.obj (.text:set_date_and_time)
                  00010a36    0000009a     eusci_a_uart.obj (.text:EUSCI_A_UART_init)
                  00010ad0    00000098     rtc_c.obj (.text:RTC_C_getCalendarTime)
                  00010b68    00000092     eusci_b_i2c.obj (.text:EUSCI_B_I2C_masterSendSingleByteWithTimeout)
                  00010bfa    00000090     eusci_a_uart_general_main.obj (.text:save_temperatura)
                  00010c8a    00000086     rtc_c.obj (.text:RTC_C_initCalendar)
                  00010d10    00000080     UART_RFID.obj (.text:init_uart_rfid)
                  00010d90    00000078     UART_RPI.obj (.text:init_uart_rpi)
                  00010e08    00000076     rts430x_lc_rd_eabi.lib : copy_decompress_lzss.c.obj (.text:decompress:lzss:__TI_decompress_lzss)
                  00010e7e    00000072     gpio.obj (.text:GPIO_setAsPeripheralModuleFunctionInputPin)
                  00010ef0    0000006a     cs.obj (.text:CS_initClockSignal)
                  00010f5a    00000060     eusci_b_i2c.obj (.text:EUSCI_B_I2C_initMaster)
                  00010fba    0000005c     eusci_b_i2c_nido.obj (.text:start_temp_sensor)
                  00011016    00000058     rts430x_lc_rd_eabi.lib : div32u.asm.obj (.text)
                  0001106e    00000054                            : autoinit.c.obj (.text:__TI_auto_init_nobinit_nopinit_hold_wdt:__TI_auto_init_nobinit_nopinit_hold_wdt)
                  000110c2    0000004a     gpio.obj (.text:GPIO_setAsInputPinWithPullUpResistor)
                  0001110c    00000046     rtc_c.obj (.text:RTC_C_configureCalendarAlarm)
                  00011152    00000044     calendar.obj (.text:set_alarm)
                  00011196    00000040     gpio.obj (.text:GPIO_setAsInputPin)
                  000111d6    00000040     rtc_c.obj (.text:RTC_C_enableInterrupt)
                  00011216    00000040     rts430x_lc_rd_eabi.lib : div32s.asm.obj (.text)
                  00011256    0000003e     rtc_c.obj (.text:RTC_C_clearInterrupt)
                  00011294    0000003e     rts430x_lc_rd_eabi.lib : lsl32.asm.obj (.text:l_lsl_const)
                  000112d2    0000003a     cs.obj (.text:CS_turnOnLFXT)
                  0001130c    00000034     gpio.obj (.text:GPIO_setAsOutputPin)
                  00011340    00000032     rtc_c.obj (.text:RTC_C_setTemperatureCompensation)
                  00011372    0000002e     gpio.obj (.text:GPIO_selectInterruptEdge)
                  000113a0    0000002c     rts430x_lc_rd_eabi.lib : div16s.asm.obj (.text)
                  000113cc    00000028     rtc_c.obj (.text:RTC_C_setCalendarEvent)
                  000113f4    00000026     eusci_b_i2c_nido.obj (.text:dectobcd)
                  0001141a    00000026     rts430x_lc_rd_eabi.lib : memcmp.c.obj (.text:memcmp)
                  00011440    00000024     eusci_b_i2c.obj (.text:EUSCI_B_I2C_masterReceiveMultiByteFinish)
                  00011464    00000024     rts430x_lc_rd_eabi.lib : copy_zero_init.c.obj (.text:decompress:ZI:__TI_zero_init_nomemset:__TI_zero_init_nomemset)
                  00011488    00000024     calendar.obj (.text:set_event)
                  000114ac    00000022     eusci_a_uart.obj (.text:EUSCI_A_UART_disableInterrupt)
                  000114ce    00000022     eusci_a_uart.obj (.text:EUSCI_A_UART_enableInterrupt)
                  000114f0    00000022     eusci_a_uart.obj (.text:EUSCI_A_UART_transmitData)
                  00011512    00000020     eusci_a_uart.obj (.text:EUSCI_A_UART_receiveData)
                  00011532    00000020     eusci_b_i2c.obj (.text:EUSCI_B_I2C_masterReceiveSingle)
                  00011552    00000020     wdt_a.obj (.text:WDT_A_hold)
                  00011572    0000001e     UART_RFID.obj (.text:Act_RFID)
                  00011590    0000001e     cs.obj (.text:CS_getACLK)
                  000115ae    0000001e     gpio.obj (.text:GPIO_clearInterrupt)
                  000115cc    0000001e     gpio.obj (.text:GPIO_enableInterrupt)
                  000115ea    0000001e     rtc_c.obj (.text:RTC_C_holdClock)
                  00011608    0000001e     rtc_c.obj (.text:RTC_C_startClock)
                  00011626    0000001c     gpio.obj (.text:GPIO_getInputPinValue)
                  00011642    0000001c     gpio.obj (.text:GPIO_setOutputHighOnPin)
                  0001165e    0000001c     gpio.obj (.text:GPIO_setOutputLowOnPin)
                  0001167a    0000001a     cs.obj (.text:CS_getSMCLK)
                  00011694    00000016     framctl.obj (.text:FRAMCtl_fillMemory32)
                  000116aa    00000016     rts430x_lc_rd_eabi.lib : div16u.asm.obj (.text)
                  000116c0    00000014     UART_RFID.obj (.text:Des_RFID)
                  000116d4    00000014     rts430x_lc_rd_eabi.lib : memcpy.c.obj (.text:memcpy)
                  000116e8    00000012     cs.obj (.text:CS_setExternalClockSource)
                  000116fa    00000012     framctl.obj (.text:FRAMCtl_write8)
                  0001170c    00000012     rtc_c.obj (.text:RTC_C_convertBCDToBinary)
                  0001171e    00000012     rts430x_lc_rd_eabi.lib : copy_decompress_none.c.obj (.text:decompress:none:__TI_decompress_none)
                  00011730    0000000c     eusci_a_uart_general_main.obj (.text:Act_RPI)
                  0001173c    0000000c     eusci_a_uart_general_main.obj (.text:Des_RPI)
                  00011748    0000000c     eusci_a_uart.obj (.text:EUSCI_A_UART_clearInterrupt)
                  00011754    0000000c     eusci_b_i2c.obj (.text:EUSCI_B_I2C_clearInterrupt)
                  00011760    0000000c     eusci_b_i2c.obj (.text:EUSCI_B_I2C_enableInterrupt)
                  0001176c    0000000c     eusci_b_i2c.obj (.text:EUSCI_B_I2C_masterReceiveStart)
                  00011778    0000000c     eusci_b_i2c.obj (.text:EUSCI_B_I2C_setMode)
                  00011784    0000000c     eusci_b_i2c.obj (.text:EUSCI_B_I2C_setSlaveAddress)
                  00011790    0000000c     UART_RPI.obj (.text:send_UART_data)
                  0001179c    0000000a     rts430x_lc_rd_eabi.lib : lsl16.asm.obj (.text)
                  000117a6    00000006     eusci_a_uart.obj (.text:EUSCI_A_UART_enable)
                  000117ac    00000006     eusci_b_i2c.obj (.text:EUSCI_B_I2C_enable)
                  000117b2    00000006     pmm.obj (.text:PMM_unlockLPM5)
                  000117b8    00000006     rts430x_lc_rd_eabi.lib : exit.c.obj (.text:abort)
                  000117be    00000004                            : pre_init.c.obj (.text:_system_pre_init)
                  000117c2    00000002                            : startup.c.obj (.text:_system_post_cinit)

MODULE SUMMARY

       Module                          code   ro data   rw data
       ------                          ----   -------   -------
    ./
       eusci_a_uart_general_main.obj   1846   4         45     
       UART_RPI.obj                    580    18        543    
       eusci_b_i2c_nido.obj            478    14        1      
       UART_RFID.obj                   340    18        16     
       calendar.obj                    328    6         17     
    +--+-------------------------------+------+---------+---------+
       Total:                          3572   60        622    
                                                               
    ./driverlib/MSP430FR5xx_6xx/
       cs.obj                          1162   0         8      
       rtc_c.obj                       650    0         0      
       gpio.obj                        494    28        0      
       eusci_b_i2c.obj                 376    0         0      
       eusci_a_uart.obj                306    0         0      
       framctl.obj                     40     0         0      
       wdt_a.obj                       32     0         0      
       pmm.obj                         6      0         0      
    +--+-------------------------------+------+---------+---------+
       Total:                          3066   28        8      
                                                               
    /Applications/ti/ccs1011/ccs/tools/compiler/ti-cgt-msp430_20.2.2.LTS/lib/rts430x_lc_rd_eabi.lib
       copy_decompress_lzss.c.obj      118    0         0      
       div32u.asm.obj                  88     0         0      
       autoinit.c.obj                  84     0         0      
       div32s.asm.obj                  64     0         0      
       lsl32.asm.obj                   62     0         0      
       div16s.asm.obj                  44     0         0      
       memcmp.c.obj                    38     0         0      
       copy_zero_init.c.obj            36     0         0      
       boot.c.obj                      28     2         0      
       div16u.asm.obj                  22     0         0      
       memcpy.c.obj                    20     0         0      
       copy_decompress_none.c.obj      18     0         0      
       lsl16.asm.obj                   10     0         0      
       isr_trap.asm.obj                8      0         0      
       exit.c.obj                      6      0         0      
       pre_init.c.obj                  4      0         0      
       int27.asm.obj                   0      2         0      
       int30.asm.obj                   0      2         0      
       int32.asm.obj                   0      2         0      
       int33.asm.obj                   0      2         0      
       int35.asm.obj                   0      2         0      
       int36.asm.obj                   0      2         0      
       int37.asm.obj                   0      2         0      
       int38.asm.obj                   0      2         0      
       int39.asm.obj                   0      2         0      
       int40.asm.obj                   0      2         0      
       int41.asm.obj                   0      2         0      
       int43.asm.obj                   0      2         0      
       int44.asm.obj                   0      2         0      
       int45.asm.obj                   0      2         0      
       int49.asm.obj                   0      2         0      
       int50.asm.obj                   0      2         0      
       int51.asm.obj                   0      2         0      
       int52.asm.obj                   0      2         0      
       int53.asm.obj                   0      2         0      
       int54.asm.obj                   0      2         0      
       startup.c.obj                   2      0         0      
    +--+-------------------------------+------+---------+---------+
       Total:                          652    42        0      
                                                               
       Stack:                          0      0         160    
       Linker Generated:               0      59        0      
    +--+-------------------------------+------+---------+---------+
       Grand Total:                    7290   189       790    


LINKER GENERATED COPY TABLES

__TI_cinit_table @ 0000492e records: 2, size/record: 8, table size: 16
	.data: load addr=00004902, load size=00000019 bytes, run addr=00001e56, run size=00000020 bytes, compression=lzss
	.bss: load addr=00004928, load size=00000006 bytes, run addr=00001c00, run size=00000256 bytes, compression=zero_init


LINKER GENERATED HANDLER TABLE

__TI_handler_table @ 0000491c records: 3, size/record: 4, table size: 12
	index: 0, handler: __TI_zero_init
	index: 1, handler: __TI_decompress_lzss
	index: 2, handler: __TI_decompress_none


GLOBAL SYMBOLS: SORTED ALPHABETICALLY BY Name 

address   name                                       
-------   ----                                       
00000800  ADC12CTL0                                  
00000801  ADC12CTL0_H                                
00000800  ADC12CTL0_L                                
00000802  ADC12CTL1                                  
00000803  ADC12CTL1_H                                
00000802  ADC12CTL1_L                                
00000804  ADC12CTL2                                  
00000805  ADC12CTL2_H                                
00000804  ADC12CTL2_L                                
00000806  ADC12CTL3                                  
00000807  ADC12CTL3_H                                
00000806  ADC12CTL3_L                                
0000080a  ADC12HI                                    
0000080b  ADC12HI_H                                  
0000080a  ADC12HI_L                                  
00000812  ADC12IER0                                  
00000813  ADC12IER0_H                                
00000812  ADC12IER0_L                                
00000814  ADC12IER1                                  
00000815  ADC12IER1_H                                
00000814  ADC12IER1_L                                
00000816  ADC12IER2                                  
00000817  ADC12IER2_H                                
00000816  ADC12IER2_L                                
0000080c  ADC12IFGR0                                 
0000080d  ADC12IFGR0_H                               
0000080c  ADC12IFGR0_L                               
0000080e  ADC12IFGR1                                 
0000080f  ADC12IFGR1_H                               
0000080e  ADC12IFGR1_L                               
00000810  ADC12IFGR2                                 
00000811  ADC12IFGR2_H                               
00000810  ADC12IFGR2_L                               
00000818  ADC12IV                                    
00000819  ADC12IV_H                                  
00000818  ADC12IV_L                                  
00000808  ADC12LO                                    
00000809  ADC12LO_H                                  
00000808  ADC12LO_L                                  
00000820  ADC12MCTL0                                 
00000821  ADC12MCTL0_H                               
00000820  ADC12MCTL0_L                               
00000822  ADC12MCTL1                                 
00000834  ADC12MCTL10                                
00000835  ADC12MCTL10_H                              
00000834  ADC12MCTL10_L                              
00000836  ADC12MCTL11                                
00000837  ADC12MCTL11_H                              
00000836  ADC12MCTL11_L                              
00000838  ADC12MCTL12                                
00000839  ADC12MCTL12_H                              
00000838  ADC12MCTL12_L                              
0000083a  ADC12MCTL13                                
0000083b  ADC12MCTL13_H                              
0000083a  ADC12MCTL13_L                              
0000083c  ADC12MCTL14                                
0000083d  ADC12MCTL14_H                              
0000083c  ADC12MCTL14_L                              
0000083e  ADC12MCTL15                                
0000083f  ADC12MCTL15_H                              
0000083e  ADC12MCTL15_L                              
00000840  ADC12MCTL16                                
00000841  ADC12MCTL16_H                              
00000840  ADC12MCTL16_L                              
00000842  ADC12MCTL17                                
00000843  ADC12MCTL17_H                              
00000842  ADC12MCTL17_L                              
00000844  ADC12MCTL18                                
00000845  ADC12MCTL18_H                              
00000844  ADC12MCTL18_L                              
00000846  ADC12MCTL19                                
00000847  ADC12MCTL19_H                              
00000846  ADC12MCTL19_L                              
00000823  ADC12MCTL1_H                               
00000822  ADC12MCTL1_L                               
00000824  ADC12MCTL2                                 
00000848  ADC12MCTL20                                
00000849  ADC12MCTL20_H                              
00000848  ADC12MCTL20_L                              
0000084a  ADC12MCTL21                                
0000084b  ADC12MCTL21_H                              
0000084a  ADC12MCTL21_L                              
0000084c  ADC12MCTL22                                
0000084d  ADC12MCTL22_H                              
0000084c  ADC12MCTL22_L                              
0000084e  ADC12MCTL23                                
0000084f  ADC12MCTL23_H                              
0000084e  ADC12MCTL23_L                              
00000850  ADC12MCTL24                                
00000851  ADC12MCTL24_H                              
00000850  ADC12MCTL24_L                              
00000852  ADC12MCTL25                                
00000853  ADC12MCTL25_H                              
00000852  ADC12MCTL25_L                              
00000854  ADC12MCTL26                                
00000855  ADC12MCTL26_H                              
00000854  ADC12MCTL26_L                              
00000856  ADC12MCTL27                                
00000857  ADC12MCTL27_H                              
00000856  ADC12MCTL27_L                              
00000858  ADC12MCTL28                                
00000859  ADC12MCTL28_H                              
00000858  ADC12MCTL28_L                              
0000085a  ADC12MCTL29                                
0000085b  ADC12MCTL29_H                              
0000085a  ADC12MCTL29_L                              
00000825  ADC12MCTL2_H                               
00000824  ADC12MCTL2_L                               
00000826  ADC12MCTL3                                 
0000085c  ADC12MCTL30                                
0000085d  ADC12MCTL30_H                              
0000085c  ADC12MCTL30_L                              
0000085e  ADC12MCTL31                                
0000085f  ADC12MCTL31_H                              
0000085e  ADC12MCTL31_L                              
00000827  ADC12MCTL3_H                               
00000826  ADC12MCTL3_L                               
00000828  ADC12MCTL4                                 
00000829  ADC12MCTL4_H                               
00000828  ADC12MCTL4_L                               
0000082a  ADC12MCTL5                                 
0000082b  ADC12MCTL5_H                               
0000082a  ADC12MCTL5_L                               
0000082c  ADC12MCTL6                                 
0000082d  ADC12MCTL6_H                               
0000082c  ADC12MCTL6_L                               
0000082e  ADC12MCTL7                                 
0000082f  ADC12MCTL7_H                               
0000082e  ADC12MCTL7_L                               
00000830  ADC12MCTL8                                 
00000831  ADC12MCTL8_H                               
00000830  ADC12MCTL8_L                               
00000832  ADC12MCTL9                                 
00000833  ADC12MCTL9_H                               
00000832  ADC12MCTL9_L                               
00000860  ADC12MEM0                                  
00000861  ADC12MEM0_H                                
00000860  ADC12MEM0_L                                
00000862  ADC12MEM1                                  
00000874  ADC12MEM10                                 
00000875  ADC12MEM10_H                               
00000874  ADC12MEM10_L                               
00000876  ADC12MEM11                                 
00000877  ADC12MEM11_H                               
00000876  ADC12MEM11_L                               
00000878  ADC12MEM12                                 
00000879  ADC12MEM12_H                               
00000878  ADC12MEM12_L                               
0000087a  ADC12MEM13                                 
0000087b  ADC12MEM13_H                               
0000087a  ADC12MEM13_L                               
0000087c  ADC12MEM14                                 
0000087d  ADC12MEM14_H                               
0000087c  ADC12MEM14_L                               
0000087e  ADC12MEM15                                 
0000087f  ADC12MEM15_H                               
0000087e  ADC12MEM15_L                               
00000880  ADC12MEM16                                 
00000881  ADC12MEM16_H                               
00000880  ADC12MEM16_L                               
00000882  ADC12MEM17                                 
00000883  ADC12MEM17_H                               
00000882  ADC12MEM17_L                               
00000884  ADC12MEM18                                 
00000885  ADC12MEM18_H                               
00000884  ADC12MEM18_L                               
00000886  ADC12MEM19                                 
00000887  ADC12MEM19_H                               
00000886  ADC12MEM19_L                               
00000863  ADC12MEM1_H                                
00000862  ADC12MEM1_L                                
00000864  ADC12MEM2                                  
00000888  ADC12MEM20                                 
00000889  ADC12MEM20_H                               
00000888  ADC12MEM20_L                               
0000088a  ADC12MEM21                                 
0000088b  ADC12MEM21_H                               
0000088a  ADC12MEM21_L                               
0000088c  ADC12MEM22                                 
0000088d  ADC12MEM22_H                               
0000088c  ADC12MEM22_L                               
0000088e  ADC12MEM23                                 
0000088f  ADC12MEM23_H                               
0000088e  ADC12MEM23_L                               
00000890  ADC12MEM24                                 
00000891  ADC12MEM24_H                               
00000890  ADC12MEM24_L                               
00000892  ADC12MEM25                                 
00000893  ADC12MEM25_H                               
00000892  ADC12MEM25_L                               
00000894  ADC12MEM26                                 
00000895  ADC12MEM26_H                               
00000894  ADC12MEM26_L                               
00000896  ADC12MEM27                                 
00000897  ADC12MEM27_H                               
00000896  ADC12MEM27_L                               
00000898  ADC12MEM28                                 
00000899  ADC12MEM28_H                               
00000898  ADC12MEM28_L                               
0000089a  ADC12MEM29                                 
0000089b  ADC12MEM29_H                               
0000089a  ADC12MEM29_L                               
00000865  ADC12MEM2_H                                
00000864  ADC12MEM2_L                                
00000866  ADC12MEM3                                  
0000089c  ADC12MEM30                                 
0000089d  ADC12MEM30_H                               
0000089c  ADC12MEM30_L                               
0000089e  ADC12MEM31                                 
0000089f  ADC12MEM31_H                               
0000089e  ADC12MEM31_L                               
00000867  ADC12MEM3_H                                
00000866  ADC12MEM3_L                                
00000868  ADC12MEM4                                  
00000869  ADC12MEM4_H                                
00000868  ADC12MEM4_L                                
0000086a  ADC12MEM5                                  
0000086b  ADC12MEM5_H                                
0000086a  ADC12MEM5_L                                
0000086c  ADC12MEM6                                  
0000086d  ADC12MEM6_H                                
0000086c  ADC12MEM6_L                                
0000086e  ADC12MEM7                                  
0000086f  ADC12MEM7_H                                
0000086e  ADC12MEM7_L                                
00000870  ADC12MEM8                                  
00000871  ADC12MEM8_H                                
00000870  ADC12MEM8_L                                
00000872  ADC12MEM9                                  
00000873  ADC12MEM9_H                                
00000872  ADC12MEM9_L                                
000009c0  AESACTL0                                   
000009c1  AESACTL0_H                                 
000009c0  AESACTL0_L                                 
000009c2  AESACTL1                                   
000009c3  AESACTL1_H                                 
000009c2  AESACTL1_L                                 
000009c8  AESADIN                                    
000009c9  AESADIN_H                                  
000009c8  AESADIN_L                                  
000009ca  AESADOUT                                   
000009cb  AESADOUT_H                                 
000009ca  AESADOUT_L                                 
000009c6  AESAKEY                                    
000009c7  AESAKEY_H                                  
000009c6  AESAKEY_L                                  
000009c4  AESASTAT                                   
000009c5  AESASTAT_H                                 
000009c4  AESASTAT_L                                 
000009cc  AESAXDIN                                   
000009cd  AESAXDIN_H                                 
000009cc  AESAXDIN_L                                 
000009ce  AESAXIN                                    
000009cf  AESAXIN_H                                  
000009ce  AESAXIN_L                                  
00001c00  Acciones                                   
00001e42  Acciones_2b                                
00011572  Act_RFID                                   
00011730  Act_RPI                                    
000004be  BCD2BIN                                    
000004bc  BIN2BCD                                    
000117b8  C$$EXIT                                    
0000043e  CAPTIO0CTL                                 
0000043f  CAPTIO0CTL_H                               
0000043e  CAPTIO0CTL_L                               
0000047e  CAPTIO1CTL                                 
0000047f  CAPTIO1CTL_H                               
0000047e  CAPTIO1CTL_L                               
000008c0  CECTL0                                     
000008c1  CECTL0_H                                   
000008c0  CECTL0_L                                   
000008c2  CECTL1                                     
000008c3  CECTL1_H                                   
000008c2  CECTL1_L                                   
000008c4  CECTL2                                     
000008c5  CECTL2_H                                   
000008c4  CECTL2_L                                   
000008c6  CECTL3                                     
000008c7  CECTL3_H                                   
000008c6  CECTL3_L                                   
000008cc  CEINT                                      
000008cd  CEINT_H                                    
000008cc  CEINT_L                                    
000008ce  CEIV                                       
000008cf  CEIV_H                                     
000008ce  CEIV_L                                     
00000996  CRC16DIRBW0                                
00000997  CRC16DIRBW0_H                              
00000996  CRC16DIRBW0_L                              
00000994  CRC16DIRBW1                                
00000995  CRC16DIRBW1_H                              
00000994  CRC16DIRBW1_L                              
00000990  CRC16DIW0                                  
00000991  CRC16DIW0_H                                
00000990  CRC16DIW0_L                                
00000992  CRC16DIW1                                  
00000993  CRC16DIW1_H                                
00000992  CRC16DIW1_L                                
00000998  CRC16INIRESW0                              
00000999  CRC16INIRESW0_H                            
00000998  CRC16INIRESW0_L                            
0000099e  CRC16RESRW0                                
0000099f  CRC16RESRW0_H                              
0000099e  CRC16RESRW0_L                              
0000099c  CRC16RESRW1                                
0000099d  CRC16RESRW1_H                              
0000099c  CRC16RESRW1_L                              
00000986  CRC32DIRBW0                                
00000987  CRC32DIRBW0_H                              
00000986  CRC32DIRBW0_L                              
00000984  CRC32DIRBW1                                
00000985  CRC32DIRBW1_H                              
00000984  CRC32DIRBW1_L                              
00000980  CRC32DIW0                                  
00000981  CRC32DIW0_H                                
00000980  CRC32DIW0_L                                
00000982  CRC32DIW1                                  
00000983  CRC32DIW1_H                                
00000982  CRC32DIW1_L                                
00000988  CRC32INIRESW0                              
00000989  CRC32INIRESW0_H                            
00000988  CRC32INIRESW0_L                            
0000098a  CRC32INIRESW1                              
0000098b  CRC32INIRESW1_H                            
0000098a  CRC32INIRESW1_L                            
0000098e  CRC32RESRW0                                
0000098f  CRC32RESRW0_H                              
0000098e  CRC32RESRW0_L                              
0000098c  CRC32RESRW1                                
0000098d  CRC32RESRW1_H                              
0000098c  CRC32RESRW1_L                              
00000150  CRCDI                                      
00000152  CRCDIRB                                    
00000153  CRCDIRB_H                                  
00000152  CRCDIRB_L                                  
00000151  CRCDI_H                                    
00000150  CRCDI_L                                    
00000154  CRCINIRES                                  
00000155  CRCINIRES_H                                
00000154  CRCINIRES_L                                
00000156  CRCRESR                                    
00000157  CRCRESR_H                                  
00000156  CRCRESR_L                                  
00000160  CSCTL0                                     
00000161  CSCTL0_H                                   
00000160  CSCTL0_L                                   
00000162  CSCTL1                                     
00000163  CSCTL1_H                                   
00000162  CSCTL1_L                                   
00000164  CSCTL2                                     
00000165  CSCTL2_H                                   
00000164  CSCTL2_L                                   
00000166  CSCTL3                                     
00000167  CSCTL3_H                                   
00000166  CSCTL3_L                                   
00000168  CSCTL4                                     
00000169  CSCTL4_H                                   
00000168  CSCTL4_L                                   
0000016a  CSCTL5                                     
0000016b  CSCTL5_H                                   
0000016a  CSCTL5_L                                   
0000016c  CSCTL6                                     
0000016d  CSCTL6_H                                   
0000016c  CSCTL6_L                                   
00011590  CS_getACLK                                 
0001167a  CS_getSMCLK                                
00010ef0  CS_initClockSignal                         
00010532  CS_setDCOFreq                              
000116e8  CS_setExternalClockSource                  
000112d2  CS_turnOnLFXT                              
00000510  DMA0CTL                                    
00000516  DMA0DA                                     
00000518  DMA0DAH                                    
00000516  DMA0DAL                                    
00000512  DMA0SA                                     
00000514  DMA0SAH                                    
00000512  DMA0SAL                                    
0000051a  DMA0SZ                                     
00000520  DMA1CTL                                    
00000526  DMA1DA                                     
00000528  DMA1DAH                                    
00000526  DMA1DAL                                    
00000522  DMA1SA                                     
00000524  DMA1SAH                                    
00000522  DMA1SAL                                    
0000052a  DMA1SZ                                     
00000530  DMA2CTL                                    
00000536  DMA2DA                                     
00000538  DMA2DAH                                    
00000536  DMA2DAL                                    
00000532  DMA2SA                                     
00000534  DMA2SAH                                    
00000532  DMA2SAL                                    
0000053a  DMA2SZ                                     
00000500  DMACTL0                                    
00000502  DMACTL1                                    
00000504  DMACTL2                                    
00000506  DMACTL3                                    
00000508  DMACTL4                                    
0000050e  DMAIV                                      
000116c0  Des_RFID                                   
0001173c  Des_RPI                                    
00011748  EUSCI_A_UART_clearInterrupt                
000114ac  EUSCI_A_UART_disableInterrupt              
000117a6  EUSCI_A_UART_enable                        
000114ce  EUSCI_A_UART_enableInterrupt               
00010a36  EUSCI_A_UART_init                          
00011512  EUSCI_A_UART_receiveData                   
000114f0  EUSCI_A_UART_transmitData                  
00011754  EUSCI_B_I2C_clearInterrupt                 
000117ac  EUSCI_B_I2C_enable                         
00011760  EUSCI_B_I2C_enableInterrupt                
00010f5a  EUSCI_B_I2C_initMaster                     
00011440  EUSCI_B_I2C_masterReceiveMultiByteFinish   
00011532  EUSCI_B_I2C_masterReceiveSingle            
0001176c  EUSCI_B_I2C_masterReceiveStart             
00010b68  EUSCI_B_I2C_masterSendSingleByteWithTimeout
00011778  EUSCI_B_I2C_setMode                        
00011784  EUSCI_B_I2C_setSlaveAddress                
00011694  FRAMCtl_fillMemory32                       
000116fa  FRAMCtl_write8                             
00000140  FRCTL0                                     
00000141  FRCTL0_H                                   
00000140  FRCTL0_L                                   
00001e0e  FechayHora                                 
00000144  GCCTL0                                     
00000145  GCCTL0_H                                   
00000144  GCCTL0_L                                   
00000146  GCCTL1                                     
00000147  GCCTL1_H                                   
00000146  GCCTL1_L                                   
000115ae  GPIO_clearInterrupt                        
000115cc  GPIO_enableInterrupt                       
00011626  GPIO_getInputPinValue                      
00011372  GPIO_selectInterruptEdge                   
00011196  GPIO_setAsInputPin                         
000110c2  GPIO_setAsInputPinWithPullUpResistor       
0001130c  GPIO_setAsOutputPin                        
00010e7e  GPIO_setAsPeripheralModuleFunctionInputPin 
00011642  GPIO_setOutputHighOnPin                    
0001165e  GPIO_setOutputLowOnPin                     
000004c4  MAC                                        
000004da  MAC32H                                     
000004db  MAC32H_H                                   
000004da  MAC32H_L                                   
000004d8  MAC32L                                     
000004d9  MAC32L_H                                   
000004d8  MAC32L_L                                   
000004c6  MACS                                       
000004de  MACS32H                                    
000004df  MACS32H_H                                  
000004de  MACS32H_L                                  
000004dc  MACS32L                                    
000004dd  MACS32L_H                                  
000004dc  MACS32L_L                                  
000004c7  MACS_H                                     
000004c6  MACS_L                                     
000004c5  MAC_H                                      
000004c4  MAC_L                                      
000005a0  MPUCTL0                                    
000005a1  MPUCTL0_H                                  
000005a0  MPUCTL0_L                                  
000005a2  MPUCTL1                                    
000005a3  MPUCTL1_H                                  
000005a2  MPUCTL1_L                                  
000005aa  MPUIPC0                                    
000005ab  MPUIPC0_H                                  
000005aa  MPUIPC0_L                                  
000005ae  MPUIPSEGB1                                 
000005af  MPUIPSEGB1_H                               
000005ae  MPUIPSEGB1_L                               
000005ac  MPUIPSEGB2                                 
000005ad  MPUIPSEGB2_H                               
000005ac  MPUIPSEGB2_L                               
000005a8  MPUSAM                                     
000005a9  MPUSAM_H                                   
000005a8  MPUSAM_L                                   
000005a6  MPUSEGB1                                   
000005a7  MPUSEGB1_H                                 
000005a6  MPUSEGB1_L                                 
000005a4  MPUSEGB2                                   
000005a5  MPUSEGB2_H                                 
000005a4  MPUSEGB2_L                                 
000004c0  MPY                                        
000004ec  MPY32CTL0                                  
000004ed  MPY32CTL0_H                                
000004ec  MPY32CTL0_L                                
000004d2  MPY32H                                     
000004d3  MPY32H_H                                   
000004d2  MPY32H_L                                   
000004d0  MPY32L                                     
000004d1  MPY32L_H                                   
000004d0  MPY32L_L                                   
000004c2  MPYS                                       
000004d6  MPYS32H                                    
000004d7  MPYS32H_H                                  
000004d6  MPYS32H_L                                  
000004d4  MPYS32L                                    
000004d5  MPYS32L_H                                  
000004d4  MPYS32L_L                                  
000004c3  MPYS_H                                     
000004c2  MPYS_L                                     
000004c1  MPY_H                                      
000004c0  MPY_L                                      
000004c8  OP2                                        
000004e2  OP2H                                       
000004e3  OP2H_H                                     
000004e2  OP2H_L                                     
000004e0  OP2L                                       
000004e1  OP2L_H                                     
000004e0  OP2L_L                                     
000004c9  OP2_H                                      
000004c8  OP2_L                                      
0000020e  P1IV                                       
0000021e  P2IV                                       
000047e2  P2_ISR                                     
0000022e  P3IV                                       
000045c0  P3_ISR                                     
0000023e  P4IV                                       
00000204  PADIR                                      
00000205  PADIR_H                                    
00000204  PADIR_L                                    
0000021a  PAIE                                       
00000218  PAIES                                      
00000219  PAIES_H                                    
00000218  PAIES_L                                    
0000021b  PAIE_H                                     
0000021a  PAIE_L                                     
0000021c  PAIFG                                      
0000021d  PAIFG_H                                    
0000021c  PAIFG_L                                    
00000200  PAIN                                       
00000201  PAIN_H                                     
00000200  PAIN_L                                     
00000202  PAOUT                                      
00000203  PAOUT_H                                    
00000202  PAOUT_L                                    
00000206  PAREN                                      
00000207  PAREN_H                                    
00000206  PAREN_L                                    
0000020a  PASEL0                                     
0000020b  PASEL0_H                                   
0000020a  PASEL0_L                                   
0000020c  PASEL1                                     
0000020d  PASEL1_H                                   
0000020c  PASEL1_L                                   
00000216  PASELC                                     
00000217  PASELC_H                                   
00000216  PASELC_L                                   
00000224  PBDIR                                      
00000225  PBDIR_H                                    
00000224  PBDIR_L                                    
0000023a  PBIE                                       
00000238  PBIES                                      
00000239  PBIES_H                                    
00000238  PBIES_L                                    
0000023b  PBIE_H                                     
0000023a  PBIE_L                                     
0000023c  PBIFG                                      
0000023d  PBIFG_H                                    
0000023c  PBIFG_L                                    
00000220  PBIN                                       
00000221  PBIN_H                                     
00000220  PBIN_L                                     
00000222  PBOUT                                      
00000223  PBOUT_H                                    
00000222  PBOUT_L                                    
00000226  PBREN                                      
00000227  PBREN_H                                    
00000226  PBREN_L                                    
0000022a  PBSEL0                                     
0000022b  PBSEL0_H                                   
0000022a  PBSEL0_L                                   
0000022c  PBSEL1                                     
0000022d  PBSEL1_H                                   
0000022c  PBSEL1_L                                   
00000236  PBSELC                                     
00000237  PBSELC_H                                   
00000236  PBSELC_L                                   
00000244  PCDIR                                      
00000245  PCDIR_H                                    
00000244  PCDIR_L                                    
00000240  PCIN                                       
00000241  PCIN_H                                     
00000240  PCIN_L                                     
00000242  PCOUT                                      
00000243  PCOUT_H                                    
00000242  PCOUT_L                                    
00000246  PCREN                                      
00000247  PCREN_H                                    
00000246  PCREN_L                                    
0000024a  PCSEL0                                     
0000024b  PCSEL0_H                                   
0000024a  PCSEL0_L                                   
0000024c  PCSEL1                                     
0000024d  PCSEL1_H                                   
0000024c  PCSEL1_L                                   
00000256  PCSELC                                     
00000257  PCSELC_H                                   
00000256  PCSELC_L                                   
00000264  PDDIR                                      
00000265  PDDIR_H                                    
00000264  PDDIR_L                                    
00000260  PDIN                                       
00000261  PDIN_H                                     
00000260  PDIN_L                                     
00000262  PDOUT                                      
00000263  PDOUT_H                                    
00000262  PDOUT_L                                    
00000266  PDREN                                      
00000267  PDREN_H                                    
00000266  PDREN_L                                    
0000026a  PDSEL0                                     
0000026b  PDSEL0_H                                   
0000026a  PDSEL0_L                                   
0000026c  PDSEL1                                     
0000026d  PDSEL1_H                                   
0000026c  PDSEL1_L                                   
00000276  PDSELC                                     
00000277  PDSELC_H                                   
00000276  PDSELC_L                                   
00000284  PEDIR                                      
00000285  PEDIR_H                                    
00000284  PEDIR_L                                    
00000280  PEIN                                       
00000281  PEIN_H                                     
00000280  PEIN_L                                     
00000282  PEOUT                                      
00000283  PEOUT_H                                    
00000282  PEOUT_L                                    
00000286  PEREN                                      
00000287  PEREN_H                                    
00000286  PEREN_L                                    
0000028a  PESEL0                                     
0000028b  PESEL0_H                                   
0000028a  PESEL0_L                                   
0000028c  PESEL1                                     
0000028d  PESEL1_H                                   
0000028c  PESEL1_L                                   
00000296  PESELC                                     
00000297  PESELC_H                                   
00000296  PESELC_L                                   
00000324  PJDIR                                      
00000325  PJDIR_H                                    
00000324  PJDIR_L                                    
00000320  PJIN                                       
00000321  PJIN_H                                     
00000320  PJIN_L                                     
00000322  PJOUT                                      
00000323  PJOUT_H                                    
00000322  PJOUT_L                                    
00000326  PJREN                                      
00000327  PJREN_H                                    
00000326  PJREN_L                                    
0000032a  PJSEL0                                     
0000032b  PJSEL0_H                                   
0000032a  PJSEL0_L                                   
0000032c  PJSEL1                                     
0000032d  PJSEL1_H                                   
0000032c  PJSEL1_L                                   
00000336  PJSELC                                     
00000337  PJSELC_H                                   
00000336  PJSELC_L                                   
00000130  PM5CTL0                                    
00000131  PM5CTL0_H                                  
00000130  PM5CTL0_L                                  
00000120  PMMCTL0                                    
00000121  PMMCTL0_H                                  
00000120  PMMCTL0_L                                  
0000012a  PMMIFG                                     
0000012b  PMMIFG_H                                   
0000012a  PMMIFG_L                                   
000117b2  PMM_unlockLPM5                             
00000158  RCCTL0                                     
00000159  RCCTL0_H                                   
00000158  RCCTL0_L                                   
000001b0  REFCTL0                                    
000001b1  REFCTL0_H                                  
000001b0  REFCTL0_L                                  
000004e4  RES0                                       
000004e5  RES0_H                                     
000004e4  RES0_L                                     
000004e6  RES1                                       
000004e7  RES1_H                                     
000004e6  RES1_L                                     
000004e8  RES2                                       
000004e9  RES2_H                                     
000004e8  RES2_L                                     
000004ea  RES3                                       
000004eb  RES3_H                                     
000004ea  RES3_L                                     
000004cc  RESHI                                      
000004cd  RESHI_H                                    
000004cc  RESHI_L                                    
000004ca  RESLO                                      
000004cb  RESLO_H                                    
000004ca  RESLO_L                                    
000004ba  RTCADOWDAY                                 
000004bb  RTCADOWDAY_H                               
000004ba  RTCADOWDAY_L                               
000004b8  RTCAMINHR                                  
000004b9  RTCAMINHR_H                                
000004b8  RTCAMINHR_L                                
000004a0  RTCCTL0                                    
000004a1  RTCCTL0_H                                  
000004a0  RTCCTL0_L                                  
000004a2  RTCCTL13                                   
000004a3  RTCCTL13_H                                 
000004a2  RTCCTL13_L                                 
000004b4  RTCDATE                                    
000004b5  RTCDATE_H                                  
000004b4  RTCDATE_L                                  
000004ae  RTCIV                                      
000004a4  RTCOCAL                                    
000004a5  RTCOCAL_H                                  
000004a4  RTCOCAL_L                                  
000004ac  RTCPS                                      
000004a8  RTCPS0CTL                                  
000004a9  RTCPS0CTL_H                                
000004a8  RTCPS0CTL_L                                
000004aa  RTCPS1CTL                                  
000004ab  RTCPS1CTL_H                                
000004aa  RTCPS1CTL_L                                
000004ad  RTCPS_H                                    
000004ac  RTCPS_L                                    
000004a6  RTCTCMP                                    
000004a7  RTCTCMP_H                                  
000004a6  RTCTCMP_L                                  
000004b0  RTCTIM0                                    
000004b1  RTCTIM0_H                                  
000004b0  RTCTIM0_L                                  
000004b2  RTCTIM1                                    
000004b3  RTCTIM1_H                                  
000004b2  RTCTIM1_L                                  
000004b6  RTCYEAR                                    
000004b7  RTCYEAR_H                                  
000004b6  RTCYEAR_L                                  
00011256  RTC_C_clearInterrupt                       
0001110c  RTC_C_configureCalendarAlarm               
0001170c  RTC_C_convertBCDToBinary                   
000111d6  RTC_C_enableInterrupt                      
00010ad0  RTC_C_getCalendarTime                      
000115ea  RTC_C_holdClock                            
00010c8a  RTC_C_initCalendar                         
000113cc  RTC_C_setCalendarEvent                     
00011340  RTC_C_setTemperatureCompensation           
00011608  RTC_C_startClock                           
00004852  RTC_ISR                                    
00001e50  RXData                                     
00001e32  RXData_rtc                                 
00001e16  RXTrama                                    
00000100  SFRIE1                                     
00000101  SFRIE1_H                                   
00000100  SFRIE1_L                                   
00000102  SFRIFG1                                    
00000103  SFRIFG1_H                                  
00000102  SFRIFG1_L                                  
00000104  SFRRPCR                                    
00000105  SFRRPCR_H                                  
00000104  SFRRPCR_L                                  
000004ce  SUMEXT                                     
000004cf  SUMEXT_H                                   
000004ce  SUMEXT_L                                   
00000180  SYSCTL                                     
00000181  SYSCTL_H                                   
00000180  SYSCTL_L                                   
00000186  SYSJMBC                                    
00000187  SYSJMBC_H                                  
00000186  SYSJMBC_L                                  
00000188  SYSJMBI0                                   
00000189  SYSJMBI0_H                                 
00000188  SYSJMBI0_L                                 
0000018a  SYSJMBI1                                   
0000018b  SYSJMBI1_H                                 
0000018a  SYSJMBI1_L                                 
0000018c  SYSJMBO0                                   
0000018d  SYSJMBO0_H                                 
0000018c  SYSJMBO0_L                                 
0000018e  SYSJMBO1                                   
0000018f  SYSJMBO1_H                                 
0000018e  SYSJMBO1_L                                 
0000019e  SYSRSTIV                                   
0000019f  SYSRSTIV_H                                 
0000019e  SYSRSTIV_L                                 
0000019c  SYSSNIV                                    
0000019d  SYSSNIV_H                                  
0000019c  SYSSNIV_L                                  
0000019a  SYSUNIV                                    
0000019b  SYSUNIV_H                                  
0000019a  SYSUNIV_L                                  
00000352  TA0CCR0                                    
00000354  TA0CCR1                                    
00000356  TA0CCR2                                    
00000342  TA0CCTL0                                   
00000344  TA0CCTL1                                   
00000346  TA0CCTL2                                   
00000340  TA0CTL                                     
00000360  TA0EX0                                     
0000036e  TA0IV                                      
00000350  TA0R                                       
00000392  TA1CCR0                                    
00000394  TA1CCR1                                    
00000396  TA1CCR2                                    
00000382  TA1CCTL0                                   
00000384  TA1CCTL1                                   
00000386  TA1CCTL2                                   
00000380  TA1CTL                                     
000003a0  TA1EX0                                     
000003ae  TA1IV                                      
00000390  TA1R                                       
00000412  TA2CCR0                                    
00000414  TA2CCR1                                    
00000402  TA2CCTL0                                   
00000404  TA2CCTL1                                   
00000400  TA2CTL                                     
00000420  TA2EX0                                     
0000042e  TA2IV                                      
00000410  TA2R                                       
00000452  TA3CCR0                                    
00000454  TA3CCR1                                    
00000456  TA3CCR2                                    
00000458  TA3CCR3                                    
0000045a  TA3CCR4                                    
00000442  TA3CCTL0                                   
00000444  TA3CCTL1                                   
00000446  TA3CCTL2                                   
00000448  TA3CCTL3                                   
0000044a  TA3CCTL4                                   
00000440  TA3CTL                                     
00000460  TA3EX0                                     
0000046e  TA3IV                                      
00000450  TA3R                                       
000003d2  TB0CCR0                                    
000003d4  TB0CCR1                                    
000003d6  TB0CCR2                                    
000003d8  TB0CCR3                                    
000003da  TB0CCR4                                    
000003dc  TB0CCR5                                    
000003de  TB0CCR6                                    
000003c2  TB0CCTL0                                   
000003c4  TB0CCTL1                                   
000003c6  TB0CCTL2                                   
000003c8  TB0CCTL3                                   
000003ca  TB0CCTL4                                   
000003cc  TB0CCTL5                                   
000003ce  TB0CCTL6                                   
000003c0  TB0CTL                                     
000003e0  TB0EX0                                     
000003ee  TB0IV                                      
000003d0  TB0R                                       
000005d0  UCA0ABCTL                                  
000005c6  UCA0BRW                                    
000005c7  UCA0BRW_H                                  
000005c6  UCA0BRW_L                                  
000005c0  UCA0CTLW0                                  
000005c1  UCA0CTLW0_H                                
000005c0  UCA0CTLW0_L                                
000005c2  UCA0CTLW1                                  
000005c3  UCA0CTLW1_H                                
000005c2  UCA0CTLW1_L                                
000005da  UCA0IE                                     
000005db  UCA0IE_H                                   
000005da  UCA0IE_L                                   
000005dc  UCA0IFG                                    
000005dd  UCA0IFG_H                                  
000005dc  UCA0IFG_L                                  
000005d2  UCA0IRCTL                                  
000005d3  UCA0IRCTL_H                                
000005d2  UCA0IRCTL_L                                
000005de  UCA0IV                                     
000005c8  UCA0MCTLW                                  
000005c9  UCA0MCTLW_H                                
000005c8  UCA0MCTLW_L                                
000005cc  UCA0RXBUF                                  
000005cd  UCA0RXBUF_H                                
000005cc  UCA0RXBUF_L                                
000005ca  UCA0STATW                                  
000005ce  UCA0TXBUF                                  
000005cf  UCA0TXBUF_H                                
000005ce  UCA0TXBUF_L                                
000005f0  UCA1ABCTL                                  
000005e6  UCA1BRW                                    
000005e7  UCA1BRW_H                                  
000005e6  UCA1BRW_L                                  
000005e0  UCA1CTLW0                                  
000005e1  UCA1CTLW0_H                                
000005e0  UCA1CTLW0_L                                
000005e2  UCA1CTLW1                                  
000005e3  UCA1CTLW1_H                                
000005e2  UCA1CTLW1_L                                
000005fa  UCA1IE                                     
000005fb  UCA1IE_H                                   
000005fa  UCA1IE_L                                   
000005fc  UCA1IFG                                    
000005fd  UCA1IFG_H                                  
000005fc  UCA1IFG_L                                  
000005f2  UCA1IRCTL                                  
000005f3  UCA1IRCTL_H                                
000005f2  UCA1IRCTL_L                                
000005fe  UCA1IV                                     
000005e8  UCA1MCTLW                                  
000005e9  UCA1MCTLW_H                                
000005e8  UCA1MCTLW_L                                
000005ec  UCA1RXBUF                                  
000005ed  UCA1RXBUF_H                                
000005ec  UCA1RXBUF_L                                
000005ea  UCA1STATW                                  
000005ee  UCA1TXBUF                                  
000005ef  UCA1TXBUF_H                                
000005ee  UCA1TXBUF_L                                
0000065e  UCB0ADDMASK                                
0000065f  UCB0ADDMASK_H                              
0000065e  UCB0ADDMASK_L                              
0000065c  UCB0ADDRX                                  
0000065d  UCB0ADDRX_H                                
0000065c  UCB0ADDRX_L                                
00000646  UCB0BRW                                    
00000647  UCB0BRW_H                                  
00000646  UCB0BRW_L                                  
00000640  UCB0CTLW0                                  
00000641  UCB0CTLW0_H                                
00000640  UCB0CTLW0_L                                
00000642  UCB0CTLW1                                  
00000643  UCB0CTLW1_H                                
00000642  UCB0CTLW1_L                                
00000654  UCB0I2COA0                                 
00000655  UCB0I2COA0_H                               
00000654  UCB0I2COA0_L                               
00000656  UCB0I2COA1                                 
00000657  UCB0I2COA1_H                               
00000656  UCB0I2COA1_L                               
00000658  UCB0I2COA2                                 
00000659  UCB0I2COA2_H                               
00000658  UCB0I2COA2_L                               
0000065a  UCB0I2COA3                                 
0000065b  UCB0I2COA3_H                               
0000065a  UCB0I2COA3_L                               
00000660  UCB0I2CSA                                  
00000661  UCB0I2CSA_H                                
00000660  UCB0I2CSA_L                                
0000066a  UCB0IE                                     
0000066b  UCB0IE_H                                   
0000066a  UCB0IE_L                                   
0000066c  UCB0IFG                                    
0000066d  UCB0IFG_H                                  
0000066c  UCB0IFG_L                                  
0000066e  UCB0IV                                     
0000064c  UCB0RXBUF                                  
0000064d  UCB0RXBUF_H                                
0000064c  UCB0RXBUF_L                                
00000648  UCB0STATW                                  
00000649  UCB0STATW_H                                
00000648  UCB0STATW_L                                
0000064a  UCB0TBCNT                                  
0000064b  UCB0TBCNT_H                                
0000064a  UCB0TBCNT_L                                
0000064e  UCB0TXBUF                                  
0000064f  UCB0TXBUF_H                                
0000064e  UCB0TXBUF_L                                
0000069e  UCB1ADDMASK                                
0000069f  UCB1ADDMASK_H                              
0000069e  UCB1ADDMASK_L                              
0000069c  UCB1ADDRX                                  
0000069d  UCB1ADDRX_H                                
0000069c  UCB1ADDRX_L                                
00000686  UCB1BRW                                    
00000687  UCB1BRW_H                                  
00000686  UCB1BRW_L                                  
00000680  UCB1CTLW0                                  
00000681  UCB1CTLW0_H                                
00000680  UCB1CTLW0_L                                
00000682  UCB1CTLW1                                  
00000683  UCB1CTLW1_H                                
00000682  UCB1CTLW1_L                                
00000694  UCB1I2COA0                                 
00000695  UCB1I2COA0_H                               
00000694  UCB1I2COA0_L                               
00000696  UCB1I2COA1                                 
00000697  UCB1I2COA1_H                               
00000696  UCB1I2COA1_L                               
00000698  UCB1I2COA2                                 
00000699  UCB1I2COA2_H                               
00000698  UCB1I2COA2_L                               
0000069a  UCB1I2COA3                                 
0000069b  UCB1I2COA3_H                               
0000069a  UCB1I2COA3_L                               
000006a0  UCB1I2CSA                                  
000006a1  UCB1I2CSA_H                                
000006a0  UCB1I2CSA_L                                
000006aa  UCB1IE                                     
000006ab  UCB1IE_H                                   
000006aa  UCB1IE_L                                   
[...]
0000085c  ADC12MCTL30_L                              
0000085d  ADC12MCTL30_H                              
0000085e  ADC12MCTL31                                
0000085e  ADC12MCTL31_L                              
0000085f  ADC12MCTL31_H                              
00000860  ADC12MEM0                                  
00000860  ADC12MEM0_L                                
00000861  ADC12MEM0_H                                
00000862  ADC12MEM1                                  
00000862  ADC12MEM1_L                                
00000863  ADC12MEM1_H                                
00000864  ADC12MEM2                                  
00000864  ADC12MEM2_L                                
00000865  ADC12MEM2_H                                
00000866  ADC12MEM3                                  
00000866  ADC12MEM3_L                                
00000867  ADC12MEM3_H                                
00000868  ADC12MEM4                                  
00000868  ADC12MEM4_L                                
00000869  ADC12MEM4_H                                
0000086a  ADC12MEM5                                  
0000086a  ADC12MEM5_L                                
0000086b  ADC12MEM5_H                                
0000086c  ADC12MEM6                                  
0000086c  ADC12MEM6_L                                
0000086d  ADC12MEM6_H                                
0000086e  ADC12MEM7                                  
0000086e  ADC12MEM7_L                                
0000086f  ADC12MEM7_H                                
00000870  ADC12MEM8                                  
00000870  ADC12MEM8_L                                
00000871  ADC12MEM8_H                                
00000872  ADC12MEM9                                  
00000872  ADC12MEM9_L                                
00000873  ADC12MEM9_H                                
00000874  ADC12MEM10                                 
00000874  ADC12MEM10_L                               
00000875  ADC12MEM10_H                               
00000876  ADC12MEM11                                 
00000876  ADC12MEM11_L                               
00000877  ADC12MEM11_H                               
00000878  ADC12MEM12                                 
00000878  ADC12MEM12_L                               
00000879  ADC12MEM12_H                               
0000087a  ADC12MEM13                                 
0000087a  ADC12MEM13_L                               
0000087b  ADC12MEM13_H                               
0000087c  ADC12MEM14                                 
0000087c  ADC12MEM14_L                               
0000087d  ADC12MEM14_H                               
0000087e  ADC12MEM15                                 
0000087e  ADC12MEM15_L                               
0000087f  ADC12MEM15_H                               
00000880  ADC12MEM16                                 
00000880  ADC12MEM16_L                               
00000881  ADC12MEM16_H                               
00000882  ADC12MEM17                                 
00000882  ADC12MEM17_L                               
00000883  ADC12MEM17_H                               
00000884  ADC12MEM18                                 
00000884  ADC12MEM18_L                               
00000885  ADC12MEM18_H                               
00000886  ADC12MEM19                                 
00000886  ADC12MEM19_L                               
00000887  ADC12MEM19_H                               
00000888  ADC12MEM20                                 
00000888  ADC12MEM20_L                               
00000889  ADC12MEM20_H                               
0000088a  ADC12MEM21                                 
0000088a  ADC12MEM21_L                               
0000088b  ADC12MEM21_H                               
0000088c  ADC12MEM22                                 
0000088c  ADC12MEM22_L                               
0000088d  ADC12MEM22_H                               
0000088e  ADC12MEM23                                 
0000088e  ADC12MEM23_L                               
0000088f  ADC12MEM23_H                               
00000890  ADC12MEM24                                 
00000890  ADC12MEM24_L                               
00000891  ADC12MEM24_H                               
00000892  ADC12MEM25                                 
00000892  ADC12MEM25_L                               
00000893  ADC12MEM25_H                               
00000894  ADC12MEM26                                 
00000894  ADC12MEM26_L                               
00000895  ADC12MEM26_H                               
00000896  ADC12MEM27                                 
00000896  ADC12MEM27_L                               
00000897  ADC12MEM27_H                               
00000898  ADC12MEM28                                 
00000898  ADC12MEM28_L                               
00000899  ADC12MEM28_H                               
0000089a  ADC12MEM29                                 
0000089a  ADC12MEM29_L                               
0000089b  ADC12MEM29_H                               
0000089c  ADC12MEM30                                 
0000089c  ADC12MEM30_L                               
0000089d  ADC12MEM30_H                               
0000089e  ADC12MEM31                                 
0000089e  ADC12MEM31_L                               
0000089f  ADC12MEM31_H                               
000008c0  CECTL0                                     
000008c0  CECTL0_L                                   
000008c1  CECTL0_H                                   
000008c2  CECTL1                                     
000008c2  CECTL1_L                                   
000008c3  CECTL1_H                                   
000008c4  CECTL2                                     
000008c4  CECTL2_L                                   
000008c5  CECTL2_H                                   
000008c6  CECTL3                                     
000008c6  CECTL3_L                                   
000008c7  CECTL3_H                                   
000008cc  CEINT                                      
000008cc  CEINT_L                                    
000008cd  CEINT_H                                    
000008ce  CEIV                                       
000008ce  CEIV_L                                     
000008cf  CEIV_H                                     
00000980  CRC32DIW0                                  
00000980  CRC32DIW0_L                                
00000981  CRC32DIW0_H                                
00000982  CRC32DIW1                                  
00000982  CRC32DIW1_L                                
00000983  CRC32DIW1_H                                
00000984  CRC32DIRBW1                                
00000984  CRC32DIRBW1_L                              
00000985  CRC32DIRBW1_H                              
00000986  CRC32DIRBW0                                
00000986  CRC32DIRBW0_L                              
00000987  CRC32DIRBW0_H                              
00000988  CRC32INIRESW0                              
00000988  CRC32INIRESW0_L                            
00000989  CRC32INIRESW0_H                            
0000098a  CRC32INIRESW1                              
0000098a  CRC32INIRESW1_L                            
0000098b  CRC32INIRESW1_H                            
0000098c  CRC32RESRW1                                
0000098c  CRC32RESRW1_L                              
0000098d  CRC32RESRW1_H                              
0000098e  CRC32RESRW0                                
0000098e  CRC32RESRW0_L                              
0000098f  CRC32RESRW0_H                              
00000990  CRC16DIW0                                  
00000990  CRC16DIW0_L                                
00000991  CRC16DIW0_H                                
00000992  CRC16DIW1                                  
00000992  CRC16DIW1_L                                
00000993  CRC16DIW1_H                                
00000994  CRC16DIRBW1                                
00000994  CRC16DIRBW1_L                              
00000995  CRC16DIRBW1_H                              
00000996  CRC16DIRBW0                                
00000996  CRC16DIRBW0_L                              
00000997  CRC16DIRBW0_H                              
00000998  CRC16INIRESW0                              
00000998  CRC16INIRESW0_L                            
00000999  CRC16INIRESW0_H                            
0000099c  CRC16RESRW1                                
0000099c  CRC16RESRW1_L                              
0000099d  CRC16RESRW1_H                              
0000099e  CRC16RESRW0                                
0000099e  CRC16RESRW0_L                              
0000099f  CRC16RESRW0_H                              
000009c0  AESACTL0                                   
000009c0  AESACTL0_L                                 
000009c1  AESACTL0_H                                 
000009c2  AESACTL1                                   
000009c2  AESACTL1_L                                 
000009c3  AESACTL1_H                                 
000009c4  AESASTAT                                   
000009c4  AESASTAT_L                                 
000009c5  AESASTAT_H                                 
000009c6  AESAKEY                                    
000009c6  AESAKEY_L                                  
000009c7  AESAKEY_H                                  
000009c8  AESADIN                                    
000009c8  AESADIN_L                                  
000009c9  AESADIN_H                                  
000009ca  AESADOUT                                   
000009ca  AESADOUT_L                                 
000009cb  AESADOUT_H                                 
000009cc  AESAXDIN                                   
000009cc  AESAXDIN_L                                 
000009cd  AESAXDIN_H                                 
000009ce  AESAXIN                                    
000009ce  AESAXIN_L                                  
000009cf  AESAXIN_H                                  
00001c00  Acciones                                   
00001e00  trama_rx                                   
00001e0e  FechayHora                                 
00001e16  RXTrama                                    
00001e1e  hora_fecha                                 
00001e26  newTime                                    
00001e32  RXData_rtc                                 
00001e36  aclk                                       
00001e3a  data                                       
00001e3e  smclk                                      
00001e42  Acciones_2b                                
00001e44  l                                          
00001e46  len_Acciones                               
00001e48  minutes                                    
00001e4a  size_temp                                  
00001e4c  t                                          
00001e4e  temp                                       
00001e50  RXData                                     
00001e51  i                                          
00001e52  innout                                     
00001e53  k                                          
00001e54  rpi_action                                 
00001e55  sensor                                     
00001e56  pointer                                    
00001e5a  pointer_mov                                
00001e5e  estado_main                                
00001e5f  inputs                                     
00001e60  num_aves                                   
00001e61  id_nido                                    
00001e62  capturado                                  
00001e6c  tag_rfid                                   
00001e72  estado_trama                               
00001e73  j                                          
00001e74  uart_A0_modo_rx                            
00001e75  uart_A0_modo_tx                            
00002360  _stack                                     
00002400  __STACK_END                                
00004400  USCI_A0_ISR                                
00004400  fram_ipe_end                               
00004400  fram_ipe_start                             
00004400  fram_rw_start                              
00004400  fram_rx_start                              
000045c0  P3_ISR                                     
00004686  USCIB0_ISR                                 
00004740  USCI_A1_ISR                                
000047e2  P2_ISR                                     
00004852  RTC_ISR                                    
00004892  _c_int00_noargs                            
000048ae  __TI_ISR_TRAP                              
0000491c  __TI_Handler_Table_Base                    
00004928  __TI_Handler_Table_Limit                   
0000492e  __TI_CINIT_Base                            
0000493e  __TI_CINIT_Limit                           
0000ffc6  __TI_int27                                 
0000ffc8  __TI_int28                                 
0000ffcc  __TI_int30                                 
0000ffce  __TI_int31                                 
0000ffd0  __TI_int32                                 
0000ffd2  __TI_int33                                 
0000ffd4  __TI_int34                                 
0000ffd6  __TI_int35                                 
0000ffd8  __TI_int36                                 
0000ffda  __TI_int37                                 
0000ffdc  __TI_int38                                 
0000ffde  __TI_int39                                 
0000ffe0  __TI_int40                                 
0000ffe2  __TI_int41                                 
0000ffe4  __TI_int42                                 
0000ffe6  __TI_int43                                 
0000ffe8  __TI_int44                                 
0000ffea  __TI_int45                                 
0000ffec  __TI_int46                                 
0000ffee  __TI_int47                                 
0000fff2  __TI_int49                                 
0000fff4  __TI_int50                                 
0000fff6  __TI_int51                                 
0000fff8  __TI_int52                                 
0000fffa  __TI_int53                                 
0000fffc  __TI_int54                                 
0000fffe  _reset_vector                              
00010000  main                                       
00010532  CS_setDCOFreq                              
00010672  buscar_capturado                           
0001084e  save_movimiento                            
000108f4  init_i2c                                   
00010996  set_date_and_time                          
00010a36  EUSCI_A_UART_init                          
00010ad0  RTC_C_getCalendarTime                      
00010b68  EUSCI_B_I2C_masterSendSingleByteWithTimeout
00010bfa  save_temperatura                           
00010c8a  RTC_C_initCalendar                         
00010d10  init_uart_rfid                             
00010d90  init_uart_rpi                              
00010e08  __TI_decompress_lzss                       
00010e7e  GPIO_setAsPeripheralModuleFunctionInputPin 
00010ef0  CS_initClockSignal                         
00010f5a  EUSCI_B_I2C_initMaster                     
00010fba  start_temp_sensor                          
00011016  __mspabi_divul                             
00011016  __mspabi_remul                             
0001106e  __TI_auto_init_nobinit_nopinit_hold_wdt    
000110c2  GPIO_setAsInputPinWithPullUpResistor       
0001110c  RTC_C_configureCalendarAlarm               
00011152  set_alarm                                  
00011196  GPIO_setAsInputPin                         
000111d6  RTC_C_enableInterrupt                      
00011216  __mspabi_divli                             
00011216  __mspabi_remli                             
00011256  RTC_C_clearInterrupt                       
00011294  __mspabi_slll_15                           
00011298  __mspabi_slll_14                           
0001129c  __mspabi_slll_13                           
000112a0  __mspabi_slll_12                           
000112a4  __mspabi_slll_11                           
000112a8  __mspabi_slll_10                           
000112ac  __mspabi_slll_9                            
000112b0  __mspabi_slll_8                            
000112b4  __mspabi_slll_7                            
000112b8  __mspabi_slll_6                            
000112bc  __mspabi_slll_5                            
000112c0  __mspabi_slll_4                            
000112c4  __mspabi_slll_3                            
000112c8  __mspabi_slll_2                            
000112cc  __mspabi_slll_1                            
000112d2  CS_turnOnLFXT                              
0001130c  GPIO_setAsOutputPin                        
00011340  RTC_C_setTemperatureCompensation           
00011372  GPIO_selectInterruptEdge                   
000113a0  __mspabi_divi                              
000113a0  __mspabi_remi                              
000113cc  RTC_C_setCalendarEvent                     
000113f4  dectobcd                                   
0001141a  memcmp                                     
00011440  EUSCI_B_I2C_masterReceiveMultiByteFinish   
00011464  __TI_zero_init_nomemset                    
00011488  set_event                                  
000114ac  EUSCI_A_UART_disableInterrupt              
000114ce  EUSCI_A_UART_enableInterrupt               
000114f0  EUSCI_A_UART_transmitData                  
00011512  EUSCI_A_UART_receiveData                   
00011532  EUSCI_B_I2C_masterReceiveSingle            
00011552  WDT_A_hold                                 
00011572  Act_RFID                                   
00011590  CS_getACLK                                 
000115ae  GPIO_clearInterrupt                        
000115cc  GPIO_enableInterrupt                       
000115ea  RTC_C_holdClock                            
00011608  RTC_C_startClock                           
00011626  GPIO_getInputPinValue                      
00011642  GPIO_setOutputHighOnPin                    
0001165e  GPIO_setOutputLowOnPin                     
0001167a  CS_getSMCLK                                
00011694  FRAMCtl_fillMemory32                       
000116aa  __mspabi_divu                              
000116aa  __mspabi_remu                              
000116c0  Des_RFID                                   
000116d4  memcpy                                     
000116e8  CS_setExternalClockSource                  
000116fa  FRAMCtl_write8                             
0001170c  RTC_C_convertBCDToBinary                   
0001171e  __TI_decompress_none                       
00011730  Act_RPI                                    
0001173c  Des_RPI                                    
00011748  EUSCI_A_UART_clearInterrupt                
00011754  EUSCI_B_I2C_clearInterrupt                 
00011760  EUSCI_B_I2C_enableInterrupt                
0001176c  EUSCI_B_I2C_masterReceiveStart             
00011778  EUSCI_B_I2C_setMode                        
00011784  EUSCI_B_I2C_setSlaveAddress                
00011790  send_UART_data                             
0001179c  __mspabi_slli                              
000117a6  EUSCI_A_UART_enable                        
000117ac  EUSCI_B_I2C_enable                         
000117b2  PMM_unlockLPM5                             
000117b8  C$$EXIT                                    
000117b8  abort                                      
000117be  _system_pre_init                           
000117c2  _system_post_cinit                         
ffffffff  __TI_pprof_out_hndl                        
ffffffff  __TI_prof_data_size                        
ffffffff  __TI_prof_data_start                       
ffffffff  __c_args__                                 

[1134 symbols]
