<?xml version="1.0" encoding="ISO-8859-1" ?>
<link_info>
   <banner>MSP430 Linker Unix v20.2.2.LTS</banner>
   <copyright>Copyright (c) 2003-2018 Texas Instruments Incorporated</copyright>
   <link_time>0x6074d4c6</link_time>
   <link_errors>0x2</link_errors>
   <output_file>eusci_a_uart_ex1_loopbackAdvanced.out</output_file>
   <entry_point>
      <name>_c_int00_noargs_mpu</name>
      <address>0x4552</address>
   </entry_point>
   <input_file_list>
      <input_file id="fl-2">
         <path>./</path>
         <kind>object</kind>
         <file>HTU21D.obj</file>
         <name>HTU21D.obj</name>
      </input_file>
      <input_file id="fl-3">
         <path>./</path>
         <kind>object</kind>
         <file>calendar.obj</file>
         <name>calendar.obj</name>
      </input_file>
      <input_file id="fl-4">
         <path>./</path>
         <kind>object</kind>
         <file>eusci_a_uart_general_main.obj</file>
         <name>eusci_a_uart_general_main.obj</name>
      </input_file>
      <input_file id="fl-5">
         <path>./</path>
         <kind>object</kind>
         <file>eusci_b_i2c_nido.obj</file>
         <name>eusci_b_i2c_nido.obj</name>
      </input_file>
      <input_file id="fl-6">
         <path>./driverlib/MSP430FR5xx_6xx/</path>
         <kind>object</kind>
         <file>adc12_b.obj</file>
         <name>adc12_b.obj</name>
      </input_file>
      <input_file id="fl-7">
         <path>./driverlib/MSP430FR5xx_6xx/</path>
         <kind>object</kind>
         <file>aes256.obj</file>
         <name>aes256.obj</name>
      </input_file>
      <input_file id="fl-8">
         <path>./driverlib/MSP430FR5xx_6xx/</path>
         <kind>object</kind>
         <file>comp_e.obj</file>
         <name>comp_e.obj</name>
      </input_file>
      <input_file id="fl-9">
         <path>./driverlib/MSP430FR5xx_6xx/</path>
         <kind>object</kind>
         <file>crc.obj</file>
         <name>crc.obj</name>
      </input_file>
      <input_file id="fl-a">
         <path>./driverlib/MSP430FR5xx_6xx/</path>
         <kind>object</kind>
         <file>crc32.obj</file>
         <name>crc32.obj</name>
      </input_file>
      <input_file id="fl-b">
         <path>./driverlib/MSP430FR5xx_6xx/</path>
         <kind>object</kind>
         <file>cs.obj</file>
         <name>cs.obj</name>
      </input_file>
      <input_file id="fl-c">
         <path>./driverlib/MSP430FR5xx_6xx/</path>
         <kind>object</kind>
         <file>dma.obj</file>
         <name>dma.obj</name>
      </input_file>
      <input_file id="fl-d">
         <path>./driverlib/MSP430FR5xx_6xx/</path>
         <kind>object</kind>
         <file>esi.obj</file>
         <name>esi.obj</name>
      </input_file>
      <input_file id="fl-e">
         <path>./driverlib/MSP430FR5xx_6xx/</path>
         <kind>object</kind>
         <file>eusci_a_spi.obj</file>
         <name>eusci_a_spi.obj</name>
      </input_file>
      <input_file id="fl-f">
         <path>./driverlib/MSP430FR5xx_6xx/</path>
         <kind>object</kind>
         <file>eusci_a_uart.obj</file>
         <name>eusci_a_uart.obj</name>
      </input_file>
      <input_file id="fl-10">
         <path>./driverlib/MSP430FR5xx_6xx/</path>
         <kind>object</kind>
         <file>eusci_b_i2c.obj</file>
         <name>eusci_b_i2c.obj</name>
      </input_file>
      <input_file id="fl-11">
         <path>./driverlib/MSP430FR5xx_6xx/</path>
         <kind>object</kind>
         <file>eusci_b_spi.obj</file>
         <name>eusci_b_spi.obj</name>
      </input_file>
      <input_file id="fl-12">
         <path>./driverlib/MSP430FR5xx_6xx/</path>
         <kind>object</kind>
         <file>framctl.obj</file>
         <name>framctl.obj</name>
      </input_file>
      <input_file id="fl-13">
         <path>./driverlib/MSP430FR5xx_6xx/</path>
         <kind>object</kind>
         <file>framctl_a.obj</file>
         <name>framctl_a.obj</name>
      </input_file>
      <input_file id="fl-14">
         <path>./driverlib/MSP430FR5xx_6xx/</path>
         <kind>object</kind>
         <file>gpio.obj</file>
         <name>gpio.obj</name>
      </input_file>
      <input_file id="fl-15">
         <path>./driverlib/MSP430FR5xx_6xx/</path>
         <kind>object</kind>
         <file>hspll.obj</file>
         <name>hspll.obj</name>
      </input_file>
      <input_file id="fl-16">
         <path>./driverlib/MSP430FR5xx_6xx/</path>
         <kind>object</kind>
         <file>lcd_c.obj</file>
         <name>lcd_c.obj</name>
      </input_file>
      <input_file id="fl-17">
         <path>./driverlib/MSP430FR5xx_6xx/</path>
         <kind>object</kind>
         <file>mpu.obj</file>
         <name>mpu.obj</name>
      </input_file>
      <input_file id="fl-18">
         <path>./driverlib/MSP430FR5xx_6xx/</path>
         <kind>object</kind>
         <file>mpy32.obj</file>
         <name>mpy32.obj</name>
      </input_file>
      <input_file id="fl-19">
         <path>./driverlib/MSP430FR5xx_6xx/</path>
         <kind>object</kind>
         <file>mtif.obj</file>
         <name>mtif.obj</name>
      </input_file>
      <input_file id="fl-1a">
         <path>./driverlib/MSP430FR5xx_6xx/</path>
         <kind>object</kind>
         <file>pmm.obj</file>
         <name>pmm.obj</name>
      </input_file>
      <input_file id="fl-1b">
         <path>./driverlib/MSP430FR5xx_6xx/</path>
         <kind>object</kind>
         <file>ram.obj</file>
         <name>ram.obj</name>
      </input_file>
      <input_file id="fl-1c">
         <path>./driverlib/MSP430FR5xx_6xx/</path>
         <kind>object</kind>
         <file>ref_a.obj</file>
         <name>ref_a.obj</name>
      </input_file>
      <input_file id="fl-1d">
         <path>./driverlib/MSP430FR5xx_6xx/</path>
         <kind>object</kind>
         <file>rtc_b.obj</file>
         <name>rtc_b.obj</name>
      </input_file>
      <input_file id="fl-1e">
         <path>./driverlib/MSP430FR5xx_6xx/</path>
         <kind>object</kind>
         <file>rtc_c.obj</file>
         <name>rtc_c.obj</name>
      </input_file>
      <input_file id="fl-1f">
         <path>./driverlib/MSP430FR5xx_6xx/</path>
         <kind>object</kind>
         <file>saph.obj</file>
         <name>saph.obj</name>
      </input_file>
      <input_file id="fl-20">
         <path>./driverlib/MSP430FR5xx_6xx/</path>
         <kind>object</kind>
         <file>saph_a.obj</file>
         <name>saph_a.obj</name>
      </input_file>
      <input_file id="fl-21">
         <path>./driverlib/MSP430FR5xx_6xx/</path>
         <kind>object</kind>
         <file>sdhs.obj</file>
         <name>sdhs.obj</name>
      </input_file>
      <input_file id="fl-22">
         <path>./driverlib/MSP430FR5xx_6xx/</path>
         <kind>object</kind>
         <file>sfr.obj</file>
         <name>sfr.obj</name>
      </input_file>
      <input_file id="fl-23">
         <path>./driverlib/MSP430FR5xx_6xx/</path>
         <kind>object</kind>
         <file>sysctl.obj</file>
         <name>sysctl.obj</name>
      </input_file>
      <input_file id="fl-24">
         <path>./driverlib/MSP430FR5xx_6xx/</path>
         <kind>object</kind>
         <file>timer_a.obj</file>
         <name>timer_a.obj</name>
      </input_file>
      <input_file id="fl-25">
         <path>./driverlib/MSP430FR5xx_6xx/</path>
         <kind>object</kind>
         <file>timer_b.obj</file>
         <name>timer_b.obj</name>
      </input_file>
      <input_file id="fl-26">
         <path>./driverlib/MSP430FR5xx_6xx/</path>
         <kind>object</kind>
         <file>tlv.obj</file>
         <name>tlv.obj</name>
      </input_file>
      <input_file id="fl-27">
         <path>./driverlib/MSP430FR5xx_6xx/</path>
         <kind>object</kind>
         <file>uups.obj</file>
         <name>uups.obj</name>
      </input_file>
      <input_file id="fl-28">
         <path>./driverlib/MSP430FR5xx_6xx/</path>
         <kind>object</kind>
         <file>wdt_a.obj</file>
         <name>wdt_a.obj</name>
      </input_file>
      <input_file id="fl-2f">
         <kind>object</kind>
         <file>&lt;internal&gt;</file>
         <name>&lt;internal&gt;</name>
      </input_file>
      <input_file id="fl-4f">
         <path>/Applications/ti/ccs1011/ccs/tools/compiler/ti-cgt-msp430_20.2.2.LTS/lib/</path>
         <kind>archive</kind>
         <file>rts430x_lc_rd_eabi.lib</file>
         <name>copy_decompress_lzss.c.obj</name>
      </input_file>
      <input_file id="fl-50">
         <path>/Applications/ti/ccs1011/ccs/tools/compiler/ti-cgt-msp430_20.2.2.LTS/lib/</path>
         <kind>archive</kind>
         <file>rts430x_lc_rd_eabi.lib</file>
         <name>copy_decompress_none.c.obj</name>
      </input_file>
      <input_file id="fl-51">
         <path>/Applications/ti/ccs1011/ccs/tools/compiler/ti-cgt-msp430_20.2.2.LTS/lib/</path>
         <kind>archive</kind>
         <file>rts430x_lc_rd_eabi.lib</file>
         <name>int27.asm.obj</name>
      </input_file>
      <input_file id="fl-52">
         <path>/Applications/ti/ccs1011/ccs/tools/compiler/ti-cgt-msp430_20.2.2.LTS/lib/</path>
         <kind>archive</kind>
         <file>rts430x_lc_rd_eabi.lib</file>
         <name>isr_trap.asm.obj</name>
      </input_file>
      <input_file id="fl-53">
         <path>/Applications/ti/ccs1011/ccs/tools/compiler/ti-cgt-msp430_20.2.2.LTS/lib/</path>
         <kind>archive</kind>
         <file>rts430x_lc_rd_eabi.lib</file>
         <name>int28.asm.obj</name>
      </input_file>
      <input_file id="fl-54">
         <path>/Applications/ti/ccs1011/ccs/tools/compiler/ti-cgt-msp430_20.2.2.LTS/lib/</path>
         <kind>archive</kind>
         <file>rts430x_lc_rd_eabi.lib</file>
         <name>int30.asm.obj</name>
      </input_file>
      <input_file id="fl-55">
         <path>/Applications/ti/ccs1011/ccs/tools/compiler/ti-cgt-msp430_20.2.2.LTS/lib/</path>
         <kind>archive</kind>
         <file>rts430x_lc_rd_eabi.lib</file>
         <name>int31.asm.obj</name>
      </input_file>
      <input_file id="fl-56">
         <path>/Applications/ti/ccs1011/ccs/tools/compiler/ti-cgt-msp430_20.2.2.LTS/lib/</path>
         <kind>archive</kind>
         <file>rts430x_lc_rd_eabi.lib</file>
         <name>int32.asm.obj</name>
      </input_file>
      <input_file id="fl-57">
         <path>/Applications/ti/ccs1011/ccs/tools/compiler/ti-cgt-msp430_20.2.2.LTS/lib/</path>
         <kind>archive</kind>
         <file>rts430x_lc_rd_eabi.lib</file>
         <name>int33.asm.obj</name>
      </input_file>
      <input_file id="fl-58">
         <path>/Applications/ti/ccs1011/ccs/tools/compiler/ti-cgt-msp430_20.2.2.LTS/lib/</path>
         <kind>archive</kind>
         <file>rts430x_lc_rd_eabi.lib</file>
         <name>int34.asm.obj</name>
      </input_file>
      <input_file id="fl-59">
         <path>/Applications/ti/ccs1011/ccs/tools/compiler/ti-cgt-msp430_20.2.2.LTS/lib/</path>
         <kind>archive</kind>
         <file>rts430x_lc_rd_eabi.lib</file>
         <name>int35.asm.obj</name>
      </input_file>
      <input_file id="fl-5a">
         <path>/Applications/ti/ccs1011/ccs/tools/compiler/ti-cgt-msp430_20.2.2.LTS/lib/</path>
         <kind>archive</kind>
         <file>rts430x_lc_rd_eabi.lib</file>
         <name>int36.asm.obj</name>
      </input_file>
      <input_file id="fl-5b">
         <path>/Applications/ti/ccs1011/ccs/tools/compiler/ti-cgt-msp430_20.2.2.LTS/lib/</path>
         <kind>archive</kind>
         <file>rts430x_lc_rd_eabi.lib</file>
         <name>int38.asm.obj</name>
      </input_file>
      <input_file id="fl-5c">
         <path>/Applications/ti/ccs1011/ccs/tools/compiler/ti-cgt-msp430_20.2.2.LTS/lib/</path>
         <kind>archive</kind>
         <file>rts430x_lc_rd_eabi.lib</file>
         <name>int39.asm.obj</name>
      </input_file>
      <input_file id="fl-5d">
         <path>/Applications/ti/ccs1011/ccs/tools/compiler/ti-cgt-msp430_20.2.2.LTS/lib/</path>
         <kind>archive</kind>
         <file>rts430x_lc_rd_eabi.lib</file>
         <name>int40.asm.obj</name>
      </input_file>
      <input_file id="fl-5e">
         <path>/Applications/ti/ccs1011/ccs/tools/compiler/ti-cgt-msp430_20.2.2.LTS/lib/</path>
         <kind>archive</kind>
         <file>rts430x_lc_rd_eabi.lib</file>
         <name>int41.asm.obj</name>
      </input_file>
      <input_file id="fl-5f">
         <path>/Applications/ti/ccs1011/ccs/tools/compiler/ti-cgt-msp430_20.2.2.LTS/lib/</path>
         <kind>archive</kind>
         <file>rts430x_lc_rd_eabi.lib</file>
         <name>int42.asm.obj</name>
      </input_file>
      <input_file id="fl-60">
         <path>/Applications/ti/ccs1011/ccs/tools/compiler/ti-cgt-msp430_20.2.2.LTS/lib/</path>
         <kind>archive</kind>
         <file>rts430x_lc_rd_eabi.lib</file>
         <name>int43.asm.obj</name>
      </input_file>
      <input_file id="fl-61">
         <path>/Applications/ti/ccs1011/ccs/tools/compiler/ti-cgt-msp430_20.2.2.LTS/lib/</path>
         <kind>archive</kind>
         <file>rts430x_lc_rd_eabi.lib</file>
         <name>int44.asm.obj</name>
      </input_file>
      <input_file id="fl-62">
         <path>/Applications/ti/ccs1011/ccs/tools/compiler/ti-cgt-msp430_20.2.2.LTS/lib/</path>
         <kind>archive</kind>
         <file>rts430x_lc_rd_eabi.lib</file>
         <name>int45.asm.obj</name>
      </input_file>
      <input_file id="fl-63">
         <path>/Applications/ti/ccs1011/ccs/tools/compiler/ti-cgt-msp430_20.2.2.LTS/lib/</path>
         <kind>archive</kind>
         <file>rts430x_lc_rd_eabi.lib</file>
         <name>int49.asm.obj</name>
      </input_file>
      <input_file id="fl-64">
         <path>/Applications/ti/ccs1011/ccs/tools/compiler/ti-cgt-msp430_20.2.2.LTS/lib/</path>
         <kind>archive</kind>
         <file>rts430x_lc_rd_eabi.lib</file>
         <name>int50.asm.obj</name>
      </input_file>
      <input_file id="fl-65">
         <path>/Applications/ti/ccs1011/ccs/tools/compiler/ti-cgt-msp430_20.2.2.LTS/lib/</path>
         <kind>archive</kind>
         <file>rts430x_lc_rd_eabi.lib</file>
         <name>int51.asm.obj</name>
      </input_file>
      <input_file id="fl-66">
         <path>/Applications/ti/ccs1011/ccs/tools/compiler/ti-cgt-msp430_20.2.2.LTS/lib/</path>
         <kind>archive</kind>
         <file>rts430x_lc_rd_eabi.lib</file>
         <name>int52.asm.obj</name>
      </input_file>
      <input_file id="fl-67">
         <path>/Applications/ti/ccs1011/ccs/tools/compiler/ti-cgt-msp430_20.2.2.LTS/lib/</path>
         <kind>archive</kind>
         <file>rts430x_lc_rd_eabi.lib</file>
         <name>int53.asm.obj</name>
      </input_file>
      <input_file id="fl-68">
         <path>/Applications/ti/ccs1011/ccs/tools/compiler/ti-cgt-msp430_20.2.2.LTS/lib/</path>
         <kind>archive</kind>
         <file>rts430x_lc_rd_eabi.lib</file>
         <name>int54.asm.obj</name>
      </input_file>
      <input_file id="fl-69">
         <path>/Applications/ti/ccs1011/ccs/tools/compiler/ti-cgt-msp430_20.2.2.LTS/lib/</path>
         <kind>archive</kind>
         <file>rts430x_lc_rd_eabi.lib</file>
         <name>copy_zero_init.c.obj</name>
      </input_file>
      <input_file id="fl-6a">
         <path>/Applications/ti/ccs1011/ccs/tools/compiler/ti-cgt-msp430_20.2.2.LTS/lib/</path>
         <kind>archive</kind>
         <file>rts430x_lc_rd_eabi.lib</file>
         <name>div16s.asm.obj</name>
      </input_file>
      <input_file id="fl-6b">
         <path>/Applications/ti/ccs1011/ccs/tools/compiler/ti-cgt-msp430_20.2.2.LTS/lib/</path>
         <kind>archive</kind>
         <file>rts430x_lc_rd_eabi.lib</file>
         <name>div32s.asm.obj</name>
      </input_file>
      <input_file id="fl-6c">
         <path>/Applications/ti/ccs1011/ccs/tools/compiler/ti-cgt-msp430_20.2.2.LTS/lib/</path>
         <kind>archive</kind>
         <file>rts430x_lc_rd_eabi.lib</file>
         <name>div16u.asm.obj</name>
      </input_file>
      <input_file id="fl-6d">
         <path>/Applications/ti/ccs1011/ccs/tools/compiler/ti-cgt-msp430_20.2.2.LTS/lib/</path>
         <kind>archive</kind>
         <file>rts430x_lc_rd_eabi.lib</file>
         <name>div32u.asm.obj</name>
      </input_file>
      <input_file id="fl-6e">
         <path>/Applications/ti/ccs1011/ccs/tools/compiler/ti-cgt-msp430_20.2.2.LTS/lib/</path>
         <kind>archive</kind>
         <file>rts430x_lc_rd_eabi.lib</file>
         <name>mult16.asm.obj</name>
      </input_file>
      <input_file id="fl-6f">
         <path>/Applications/ti/ccs1011/ccs/tools/compiler/ti-cgt-msp430_20.2.2.LTS/lib/</path>
         <kind>archive</kind>
         <file>rts430x_lc_rd_eabi.lib</file>
         <name>mult16_f5hw.asm.obj</name>
      </input_file>
      <input_file id="fl-70">
         <path>/Applications/ti/ccs1011/ccs/tools/compiler/ti-cgt-msp430_20.2.2.LTS/lib/</path>
         <kind>archive</kind>
         <file>rts430x_lc_rd_eabi.lib</file>
         <name>mult32_f5hw.asm.obj</name>
      </input_file>
      <input_file id="fl-71">
         <path>/Applications/ti/ccs1011/ccs/tools/compiler/ti-cgt-msp430_20.2.2.LTS/lib/</path>
         <kind>archive</kind>
         <file>rts430x_lc_rd_eabi.lib</file>
         <name>mult64_f5hw.asm.obj</name>
      </input_file>
      <input_file id="fl-72">
         <path>/Applications/ti/ccs1011/ccs/tools/compiler/ti-cgt-msp430_20.2.2.LTS/lib/</path>
         <kind>archive</kind>
         <file>rts430x_lc_rd_eabi.lib</file>
         <name>mult1632_f5hw.asm.obj</name>
      </input_file>
      <input_file id="fl-73">
         <path>/Applications/ti/ccs1011/ccs/tools/compiler/ti-cgt-msp430_20.2.2.LTS/lib/</path>
         <kind>archive</kind>
         <file>rts430x_lc_rd_eabi.lib</file>
         <name>mult3264_f5hw.asm.obj</name>
      </input_file>
      <input_file id="fl-74">
         <path>/Applications/ti/ccs1011/ccs/tools/compiler/ti-cgt-msp430_20.2.2.LTS/lib/</path>
         <kind>archive</kind>
         <file>rts430x_lc_rd_eabi.lib</file>
         <name>lsl16.asm.obj</name>
      </input_file>
      <input_file id="fl-75">
         <path>/Applications/ti/ccs1011/ccs/tools/compiler/ti-cgt-msp430_20.2.2.LTS/lib/</path>
         <kind>archive</kind>
         <file>rts430x_lc_rd_eabi.lib</file>
         <name>asr16.asm.obj</name>
      </input_file>
      <input_file id="fl-76">
         <path>/Applications/ti/ccs1011/ccs/tools/compiler/ti-cgt-msp430_20.2.2.LTS/lib/</path>
         <kind>archive</kind>
         <file>rts430x_lc_rd_eabi.lib</file>
         <name>boot.c.obj</name>
      </input_file>
      <input_file id="fl-77">
         <path>/Applications/ti/ccs1011/ccs/ccs_base/msp430/lib/FR59xx/</path>
         <kind>archive</kind>
         <file>MSPMPU_INIT_LIB_CCS_msp430_large_code_restricted_data.lib</file>
         <name>mpu_init.o</name>
      </input_file>
      <input_file id="fl-78">
         <path>/Applications/ti/ccs1011/ccs/tools/compiler/ti-cgt-msp430_20.2.2.LTS/lib/</path>
         <kind>archive</kind>
         <file>rts430x_lc_rd_eabi.lib</file>
         <name>args_main.c.obj</name>
      </input_file>
      <input_file id="fl-79">
         <path>/Applications/ti/ccs1011/ccs/tools/compiler/ti-cgt-msp430_20.2.2.LTS/lib/</path>
         <kind>archive</kind>
         <file>rts430x_lc_rd_eabi.lib</file>
         <name>autoinit.c.obj</name>
      </input_file>
      <input_file id="fl-7a">
         <path>/Applications/ti/ccs1011/ccs/tools/compiler/ti-cgt-msp430_20.2.2.LTS/lib/</path>
         <kind>archive</kind>
         <file>rts430x_lc_rd_eabi.lib</file>
         <name>startup.c.obj</name>
      </input_file>
      <input_file id="fl-7b">
         <path>/Applications/ti/ccs1011/ccs/tools/compiler/ti-cgt-msp430_20.2.2.LTS/lib/</path>
         <kind>archive</kind>
         <file>rts430x_lc_rd_eabi.lib</file>
         <name>pre_init.c.obj</name>
      </input_file>
      <input_file id="fl-7c">
         <path>/Applications/ti/ccs1011/ccs/tools/compiler/ti-cgt-msp430_20.2.2.LTS/lib/</path>
         <kind>archive</kind>
         <file>rts430x_lc_rd_eabi.lib</file>
         <name>cpy_tbl.c.obj</name>
      </input_file>
      <input_file id="fl-7d">
         <path>/Applications/ti/ccs1011/ccs/tools/compiler/ti-cgt-msp430_20.2.2.LTS/lib/</path>
         <kind>archive</kind>
         <file>rts430x_lc_rd_eabi.lib</file>
         <name>exit.c.obj</name>
      </input_file>
      <input_file id="fl-7e">
         <path>/Applications/ti/ccs1011/ccs/tools/compiler/ti-cgt-msp430_20.2.2.LTS/lib/</path>
         <kind>archive</kind>
         <file>rts430x_lc_rd_eabi.lib</file>
         <name>exit_gvars.c.obj</name>
      </input_file>
      <input_file id="fl-7f">
         <path>/Applications/ti/ccs1011/ccs/tools/compiler/ti-cgt-msp430_20.2.2.LTS/lib/</path>
         <kind>archive</kind>
         <file>rts430x_lc_rd_eabi.lib</file>
         <name>_lock.c.obj</name>
      </input_file>
      <input_file id="fl-80">
         <path>/Applications/ti/ccs1011/ccs/tools/compiler/ti-cgt-msp430_20.2.2.LTS/lib/</path>
         <kind>archive</kind>
         <file>rts430x_lc_rd_eabi.lib</file>
         <name>memcpy.c.obj</name>
      </input_file>
   </input_file_list>
   <object_component_list>
      <object_component id="oc-796">
         <name>.cinit..data.load</name>
         <load_address>0x45b2</load_address>
         <run_address>0x45b2</run_address>
         <size>0xe</size>
      </object_component>
      <object_component id="oc-793">
         <name>__TI_handler_table</name>
         <load_address>0x45c0</load_address>
         <run_address>0x45c0</run_address>
         <size>0xc</size>
      </object_component>
      <object_component id="oc-795">
         <name>.cinit..bss.load</name>
         <load_address>0x45cc</load_address>
         <run_address>0x45cc</run_address>
         <size>0x6</size>
      </object_component>
      <object_component id="oc-794">
         <name>__TI_cinit_table</name>
         <load_address>0x45d2</load_address>
         <run_address>0x45d2</run_address>
         <size>0x10</size>
      </object_component>
      <object_component id="oc-723">
         <name>.binit</name>
         <load_address>0x4400</load_address>
         <run_address>0x4400</run_address>
         <size>0x0</size>
      </object_component>
      <object_component id="oc-545">
         <name>.const:GPIO_PORT_TO_BASE</name>
         <load_address>0x457a</load_address>
         <run_address>0x457a</run_address>
         <size>0x1c</size>
         <input_file_ref idref="fl-14"/>
      </object_component>
      <object_component id="oc-59a">
         <name>.const:$P$T0$1</name>
         <load_address>0x4596</load_address>
         <run_address>0x4596</run_address>
         <size>0x10</size>
         <input_file_ref idref="fl-4"/>
      </object_component>
      <object_component id="oc-649">
         <name>.const:$P$T0$2</name>
         <load_address>0x45a6</load_address>
         <run_address>0x45a6</run_address>
         <size>0xc</size>
         <input_file_ref idref="fl-5"/>
      </object_component>
      <object_component id="oc-48d">
         <name>.text:_isr:EUSCI_A0_ISR</name>
         <load_address>0x4400</load_address>
         <run_address>0x4400</run_address>
         <size>0xa2</size>
         <input_file_ref idref="fl-4"/>
      </object_component>
      <object_component id="oc-481">
         <name>.text:_isr:INTERRPTORES_ISR</name>
         <load_address>0x44a2</load_address>
         <run_address>0x44a2</run_address>
         <size>0x60</size>
         <input_file_ref idref="fl-4"/>
      </object_component>
      <object_component id="oc-487">
         <name>.text:_isr:USCIB0_ISR</name>
         <load_address>0x4502</load_address>
         <run_address>0x4502</run_address>
         <size>0x50</size>
         <input_file_ref idref="fl-2"/>
      </object_component>
      <object_component id="oc-4bd">
         <name>.text:_isr:_c_int00_noargs_mpu</name>
         <load_address>0x4552</load_address>
         <run_address>0x4552</run_address>
         <size>0x20</size>
         <input_file_ref idref="fl-76"/>
      </object_component>
      <object_component id="oc-47c">
         <name>.text:_isr:__TI_ISR_TRAP</name>
         <load_address>0x4572</load_address>
         <run_address>0x4572</run_address>
         <size>0x8</size>
         <input_file_ref idref="fl-52"/>
      </object_component>
      <object_component id="oc-51b">
         <name>.text:main</name>
         <load_address>0x10000</load_address>
         <run_address>0x10000</run_address>
         <size>0x27e</size>
         <input_file_ref idref="fl-4"/>
      </object_component>
      <object_component id="oc-6fc">
         <name>.text:privateCSASourceClockFromDCO</name>
         <load_address>0x1027e</load_address>
         <run_address>0x1027e</run_address>
         <size>0x17c</size>
         <input_file_ref idref="fl-b"/>
      </object_component>
      <object_component id="oc-57c">
         <name>.text:CS_setDCOFreq</name>
         <load_address>0x103fa</load_address>
         <run_address>0x103fa</run_address>
         <size>0x140</size>
         <input_file_ref idref="fl-b"/>
      </object_component>
      <object_component id="oc-6b5">
         <name>.text:privateCSAComputeCLKFrequency</name>
         <load_address>0x1053a</load_address>
         <run_address>0x1053a</run_address>
         <size>0xe0</size>
         <input_file_ref idref="fl-b"/>
      </object_component>
      <object_component id="oc-59d">
         <name>.text:EUSCI_A_UART_init</name>
         <load_address>0x1061a</load_address>
         <run_address>0x1061a</run_address>
         <size>0x9a</size>
         <input_file_ref idref="fl-f"/>
      </object_component>
      <object_component id="oc-660">
         <name>.text:EUSCI_B_I2C_masterSendSingleByteWithTimeout</name>
         <load_address>0x106b4</load_address>
         <run_address>0x106b4</run_address>
         <size>0x92</size>
         <input_file_ref idref="fl-10"/>
      </object_component>
      <object_component id="oc-5c1">
         <name>.text:init_i2c</name>
         <load_address>0x10746</load_address>
         <run_address>0x10746</run_address>
         <size>0x88</size>
         <input_file_ref idref="fl-5"/>
      </object_component>
      <object_component id="oc-78">
         <name>.text:decompress:lzss:__TI_decompress_lzss</name>
         <load_address>0x107ce</load_address>
         <run_address>0x107ce</run_address>
         <size>0x76</size>
         <input_file_ref idref="fl-4f"/>
      </object_component>
      <object_component id="oc-576">
         <name>.text:GPIO_setAsPeripheralModuleFunctionInputPin</name>
         <load_address>0x10844</load_address>
         <run_address>0x10844</run_address>
         <size>0x72</size>
         <input_file_ref idref="fl-14"/>
      </object_component>
      <object_component id="oc-588">
         <name>.text:CS_initClockSignal</name>
         <load_address>0x108b6</load_address>
         <run_address>0x108b6</run_address>
         <size>0x6a</size>
         <input_file_ref idref="fl-b"/>
      </object_component>
      <object_component id="oc-652">
         <name>.text:EUSCI_B_I2C_initMaster</name>
         <load_address>0x10920</load_address>
         <run_address>0x10920</run_address>
         <size>0x60</size>
         <input_file_ref idref="fl-10"/>
      </object_component>
      <object_component id="oc-6bc">
         <name>.text</name>
         <load_address>0x10980</load_address>
         <run_address>0x10980</run_address>
         <size>0x58</size>
         <input_file_ref idref="fl-6d"/>
      </object_component>
      <object_component id="oc-600">
         <name>.text:__TI_auto_init_nobinit_nopinit_hold_wdt:__TI_auto_init_nobinit_nopinit_hold_wdt</name>
         <load_address>0x109d8</load_address>
         <run_address>0x109d8</run_address>
         <size>0x54</size>
         <input_file_ref idref="fl-79"/>
      </object_component>
      <object_component id="oc-5d5">
         <name>.text:save_movimiento</name>
         <load_address>0x10a2c</load_address>
         <run_address>0x10a2c</run_address>
         <size>0x4e</size>
         <input_file_ref idref="fl-4"/>
      </object_component>
      <object_component id="oc-5a9">
         <name>.text:GPIO_setAsInputPinWithPullUpResistor</name>
         <load_address>0x10a7a</load_address>
         <run_address>0x10a7a</run_address>
         <size>0x4a</size>
         <input_file_ref idref="fl-14"/>
      </object_component>
      <object_component id="oc-6f7">
         <name>.text</name>
         <load_address>0x10ac4</load_address>
         <run_address>0x10ac4</run_address>
         <size>0x40</size>
         <input_file_ref idref="fl-6b"/>
      </object_component>
      <object_component id="oc-58e">
         <name>.text:CS_turnOnLFXT</name>
         <load_address>0x10b04</load_address>
         <run_address>0x10b04</run_address>
         <size>0x3a</size>
         <input_file_ref idref="fl-b"/>
      </object_component>
      <object_component id="oc-5b5">
         <name>.text:GPIO_selectInterruptEdge</name>
         <load_address>0x10b3e</load_address>
         <run_address>0x10b3e</run_address>
         <size>0x2e</size>
         <input_file_ref idref="fl-14"/>
      </object_component>
      <object_component id="oc-52d">
         <name>.text:__mpu_init</name>
         <load_address>0x10b6c</load_address>
         <run_address>0x10b6c</run_address>
         <size>0x2c</size>
         <input_file_ref idref="fl-77"/>
      </object_component>
      <object_component id="oc-702">
         <name>.text</name>
         <load_address>0x10b98</load_address>
         <run_address>0x10b98</run_address>
         <size>0x2c</size>
         <input_file_ref idref="fl-6a"/>
      </object_component>
      <object_component id="oc-493">
         <name>.text:decompress:ZI:__TI_zero_init_nomemset:__TI_zero_init_nomemset</name>
         <load_address>0x10bc4</load_address>
         <run_address>0x10bc4</run_address>
         <size>0x24</size>
         <input_file_ref idref="fl-69"/>
      </object_component>
      <object_component id="oc-5ce">
         <name>.text:start_i2c_rtc</name>
         <load_address>0x10be8</load_address>
         <run_address>0x10be8</run_address>
         <size>0x24</size>
         <input_file_ref idref="fl-5"/>
      </object_component>
      <object_component id="oc-5c7">
         <name>.text:EUSCI_A_UART_disableInterrupt</name>
         <load_address>0x10c0c</load_address>
         <run_address>0x10c0c</run_address>
         <size>0x22</size>
         <input_file_ref idref="fl-f"/>
      </object_component>
      <object_component id="oc-5bb">
         <name>.text:EUSCI_A_UART_enableInterrupt</name>
         <load_address>0x10c2e</load_address>
         <run_address>0x10c2e</run_address>
         <size>0x22</size>
         <input_file_ref idref="fl-f"/>
      </object_component>
      <object_component id="oc-500">
         <name>.text:EUSCI_A_UART_receiveData</name>
         <load_address>0x10c50</load_address>
         <run_address>0x10c50</run_address>
         <size>0x20</size>
         <input_file_ref idref="fl-f"/>
      </object_component>
      <object_component id="oc-4f1">
         <name>.text:EUSCI_B_I2C_masterReceiveSingle</name>
         <load_address>0x10c70</load_address>
         <run_address>0x10c70</run_address>
         <size>0x20</size>
         <input_file_ref idref="fl-10"/>
      </object_component>
      <object_component id="oc-570">
         <name>.text:WDT_A_hold</name>
         <load_address>0x10c90</load_address>
         <run_address>0x10c90</run_address>
         <size>0x20</size>
         <input_file_ref idref="fl-28"/>
      </object_component>
      <object_component id="oc-4e1">
         <name>.text:GPIO_clearInterrupt</name>
         <load_address>0x10cb0</load_address>
         <run_address>0x10cb0</run_address>
         <size>0x1e</size>
         <input_file_ref idref="fl-14"/>
      </object_component>
      <object_component id="oc-5af">
         <name>.text:GPIO_enableInterrupt</name>
         <load_address>0x10cce</load_address>
         <run_address>0x10cce</run_address>
         <size>0x1e</size>
         <input_file_ref idref="fl-14"/>
      </object_component>
      <object_component id="oc-64c">
         <name>.text:CS_getSMCLK</name>
         <load_address>0x10cec</load_address>
         <run_address>0x10cec</run_address>
         <size>0x1a</size>
         <input_file_ref idref="fl-b"/>
      </object_component>
      <object_component id="oc-71c">
         <name>.text</name>
         <load_address>0x10d06</load_address>
         <run_address>0x10d06</run_address>
         <size>0x16</size>
         <input_file_ref idref="fl-6c"/>
      </object_component>
      <object_component id="oc-46f">
         <name>.text:memcpy</name>
         <load_address>0x10d1c</load_address>
         <run_address>0x10d1c</run_address>
         <size>0x14</size>
         <input_file_ref idref="fl-80"/>
      </object_component>
      <object_component id="oc-582">
         <name>.text:CS_setExternalClockSource</name>
         <load_address>0x10d30</load_address>
         <run_address>0x10d30</run_address>
         <size>0x12</size>
         <input_file_ref idref="fl-b"/>
      </object_component>
      <object_component id="oc-66d">
         <name>.text:FRAMCtl_write8</name>
         <load_address>0x10d42</load_address>
         <run_address>0x10d42</run_address>
         <size>0x12</size>
         <input_file_ref idref="fl-12"/>
      </object_component>
      <object_component id="oc-7e">
         <name>.text:decompress:none:__TI_decompress_none</name>
         <load_address>0x10d54</load_address>
         <run_address>0x10d54</run_address>
         <size>0x12</size>
         <input_file_ref idref="fl-50"/>
      </object_component>
      <object_component id="oc-506">
         <name>.text:EUSCI_A_UART_clearInterrupt</name>
         <load_address>0x10d66</load_address>
         <run_address>0x10d66</run_address>
         <size>0xc</size>
         <input_file_ref idref="fl-f"/>
      </object_component>
      <object_component id="oc-63d">
         <name>.text:EUSCI_B_I2C_clearInterrupt</name>
         <load_address>0x10d72</load_address>
         <run_address>0x10d72</run_address>
         <size>0xc</size>
         <input_file_ref idref="fl-10"/>
      </object_component>
      <object_component id="oc-643">
         <name>.text:EUSCI_B_I2C_enableInterrupt</name>
         <load_address>0x10d7e</load_address>
         <run_address>0x10d7e</run_address>
         <size>0xc</size>
         <input_file_ref idref="fl-10"/>
      </object_component>
      <object_component id="oc-666">
         <name>.text:EUSCI_B_I2C_masterReceiveStart</name>
         <load_address>0x10d8a</load_address>
         <run_address>0x10d8a</run_address>
         <size>0xc</size>
         <input_file_ref idref="fl-10"/>
      </object_component>
      <object_component id="oc-631">
         <name>.text:EUSCI_B_I2C_setMode</name>
         <load_address>0x10d96</load_address>
         <run_address>0x10d96</run_address>
         <size>0xc</size>
         <input_file_ref idref="fl-10"/>
      </object_component>
      <object_component id="oc-658">
         <name>.text:EUSCI_B_I2C_setSlaveAddress</name>
         <load_address>0x10da2</load_address>
         <run_address>0x10da2</run_address>
         <size>0xc</size>
         <input_file_ref idref="fl-10"/>
      </object_component>
      <object_component id="oc-5a3">
         <name>.text:EUSCI_A_UART_enable</name>
         <load_address>0x10dae</load_address>
         <run_address>0x10dae</run_address>
         <size>0x6</size>
         <input_file_ref idref="fl-f"/>
      </object_component>
      <object_component id="oc-637">
         <name>.text:EUSCI_B_I2C_enable</name>
         <load_address>0x10db4</load_address>
         <run_address>0x10db4</run_address>
         <size>0x6</size>
         <input_file_ref idref="fl-10"/>
      </object_component>
      <object_component id="oc-594">
         <name>.text:PMM_unlockLPM5</name>
         <load_address>0x10dba</load_address>
         <run_address>0x10dba</run_address>
         <size>0x6</size>
         <input_file_ref idref="fl-1a"/>
      </object_component>
      <object_component id="oc-5dc">
         <name>.text:abort</name>
         <load_address>0x10dc0</load_address>
         <run_address>0x10dc0</run_address>
         <size>0x6</size>
         <input_file_ref idref="fl-7d"/>
      </object_component>
      <object_component id="oc-515">
         <name>.text:_system_pre_init</name>
         <load_address>0x10dc6</load_address>
         <run_address>0x10dc6</run_address>
         <size>0x4</size>
         <input_file_ref idref="fl-7b"/>
      </object_component>
      <object_component id="oc-686">
         <name>.text:_system_post_cinit</name>
         <load_address>0x10dca</load_address>
         <run_address>0x10dca</run_address>
         <size>0x2</size>
         <input_file_ref idref="fl-7a"/>
      </object_component>
      <object_component id="oc-4eb">
         <name>.common:RXData</name>
         <uninitialized>true</uninitialized>
         <run_address>0x1c1a</run_address>
         <size>0x4</size>
      </object_component>
      <object_component id="oc-4fd">
         <name>.common:trama_rx</name>
         <uninitialized>true</uninitialized>
         <run_address>0x1c00</run_address>
         <size>0xe</size>
      </object_component>
      <object_component id="oc-5cd">
         <name>.common:innout</name>
         <uninitialized>true</uninitialized>
         <run_address>0x1c1e</run_address>
         <size>0x1</size>
      </object_component>
      <object_component id="oc-5d4">
         <name>.common:date_time</name>
         <uninitialized>true</uninitialized>
         <run_address>0x1c0e</run_address>
         <size>0xc</size>
      </object_component>
      <object_component id="oc-4ee">
         <name>.data</name>
         <load_address>0x1c32</load_address>
         <run_address>0x1c32</run_address>
         <size>0x3</size>
         <input_file_ref idref="fl-2"/>
      </object_component>
      <object_component id="oc-4e7">
         <name>.data</name>
         <load_address>0x1c20</load_address>
         <run_address>0x1c20</run_address>
         <size>0xa</size>
         <input_file_ref idref="fl-4"/>
      </object_component>
      <object_component id="oc-621">
         <name>.data</name>
         <load_address>0x1c2a</load_address>
         <run_address>0x1c2a</run_address>
         <size>0x8</size>
         <input_file_ref idref="fl-b"/>
      </object_component>
      <object_component id="oc-460">
         <name>.stack</name>
         <uninitialized>true</uninitialized>
         <run_address>0x2360</run_address>
         <size>0x4</size>
         <input_file_ref idref="fl-76"/>
      </object_component>
      <object_component id="oc-797">
         <name>.stack</name>
         <uninitialized>true</uninitialized>
         <run_address>0x2360</run_address>
         <size>0x0</size>
      </object_component>
      <object_component id="oc-84">
         <name>.int27</name>
         <load_address>0xffc6</load_address>
         <run_address>0xffc6</run_address>
         <size>0x2</size>
         <input_file_ref idref="fl-51"/>
      </object_component>
      <object_component id="oc-85">
         <name>.int28</name>
         <load_address>0xffc8</load_address>
         <run_address>0xffc8</run_address>
         <size>0x2</size>
         <input_file_ref idref="fl-53"/>
      </object_component>
      <object_component id="oc-86">
         <name>.int30</name>
         <load_address>0xffcc</load_address>
         <run_address>0xffcc</run_address>
         <size>0x2</size>
         <input_file_ref idref="fl-54"/>
      </object_component>
      <object_component id="oc-87">
         <name>.int31</name>
         <load_address>0xffce</load_address>
         <run_address>0xffce</run_address>
         <size>0x2</size>
         <input_file_ref idref="fl-55"/>
      </object_component>
      <object_component id="oc-88">
         <name>.int32</name>
         <load_address>0xffd0</load_address>
         <run_address>0xffd0</run_address>
         <size>0x2</size>
         <input_file_ref idref="fl-56"/>
      </object_component>
      <object_component id="oc-89">
         <name>.int33</name>
         <load_address>0xffd2</load_address>
         <run_address>0xffd2</run_address>
         <size>0x2</size>
         <input_file_ref idref="fl-57"/>
      </object_component>
      <object_component id="oc-8a">
         <name>.int34</name>
         <load_address>0xffd4</load_address>
         <run_address>0xffd4</run_address>
         <size>0x2</size>
         <input_file_ref idref="fl-58"/>
      </object_component>
      <object_component id="oc-8b">
         <name>.int35</name>
         <load_address>0xffd6</load_address>
         <run_address>0xffd6</run_address>
         <size>0x2</size>
         <input_file_ref idref="fl-59"/>
      </object_component>
      <object_component id="oc-8c">
         <name>.int36</name>
         <load_address>0xffd8</load_address>
         <run_address>0xffd8</run_address>
         <size>0x2</size>
         <input_file_ref idref="fl-5a"/>
      </object_component>
      <object_component id="oc-8d">
         <name>.int37</name>
         <load_address>0xffda</load_address>
         <run_address>0xffda</run_address>
         <size>0x2</size>
         <input_file_ref idref="fl-4"/>
      </object_component>
      <object_component id="oc-8e">
         <name>.int38</name>
         <load_address>0xffdc</load_address>
         <run_address>0xffdc</run_address>
         <size>0x2</size>
         <input_file_ref idref="fl-5b"/>
      </object_component>
      <object_component id="oc-8f">
         <name>.int39</name>
         <load_address>0xffde</load_address>
         <run_address>0xffde</run_address>
         <size>0x2</size>
         <input_file_ref idref="fl-5c"/>
      </object_component>
      <object_component id="oc-90">
         <name>.int40</name>
         <load_address>0xffe0</load_address>
         <run_address>0xffe0</run_address>
         <size>0x2</size>
         <input_file_ref idref="fl-5d"/>
      </object_component>
      <object_component id="oc-91">
         <name>.int41</name>
         <load_address>0xffe2</load_address>
         <run_address>0xffe2</run_address>
         <size>0x2</size>
         <input_file_ref idref="fl-5e"/>
      </object_component>
      <object_component id="oc-92">
         <name>.int42</name>
         <load_address>0xffe4</load_address>
         <run_address>0xffe4</run_address>
         <size>0x2</size>
         <input_file_ref idref="fl-5f"/>
      </object_component>
      <object_component id="oc-93">
         <name>.int43</name>
         <load_address>0xffe6</load_address>
         <run_address>0xffe6</run_address>
         <size>0x2</size>
         <input_file_ref idref="fl-60"/>
      </object_component>
      <object_component id="oc-94">
         <name>.int44</name>
         <load_address>0xffe8</load_address>
         <run_address>0xffe8</run_address>
         <size>0x2</size>
         <input_file_ref idref="fl-61"/>
      </object_component>
      <object_component id="oc-95">
         <name>.int45</name>
         <load_address>0xffea</load_address>
         <run_address>0xffea</run_address>
         <size>0x2</size>
         <input_file_ref idref="fl-62"/>
      </object_component>
      <object_component id="oc-96">
         <name>.int46</name>
         <load_address>0xffec</load_address>
         <run_address>0xffec</run_address>
         <size>0x2</size>
         <input_file_ref idref="fl-2"/>
      </object_component>
      <object_component id="oc-97">
         <name>.int47</name>
         <load_address>0xffee</load_address>
         <run_address>0xffee</run_address>
         <size>0x2</size>
         <input_file_ref idref="fl-4"/>
      </object_component>
      <object_component id="oc-98">
         <name>.int49</name>
         <load_address>0xfff2</load_address>
         <run_address>0xfff2</run_address>
         <size>0x2</size>
         <input_file_ref idref="fl-63"/>
      </object_component>
      <object_component id="oc-99">
         <name>.int50</name>
         <load_address>0xfff4</load_address>
         <run_address>0xfff4</run_address>
         <size>0x2</size>
         <input_file_ref idref="fl-64"/>
      </object_component>
      <object_component id="oc-9a">
         <name>.int51</name>
         <load_address>0xfff6</load_address>
         <run_address>0xfff6</run_address>
         <size>0x2</size>
         <input_file_ref idref="fl-65"/>
      </object_component>
      <object_component id="oc-9b">
         <name>.int52</name>
         <load_address>0xfff8</load_address>
         <run_address>0xfff8</run_address>
         <size>0x2</size>
         <input_file_ref idref="fl-66"/>
      </object_component>
      <object_component id="oc-9c">
         <name>.int53</name>
         <load_address>0xfffa</load_address>
         <run_address>0xfffa</run_address>
         <size>0x2</size>
         <input_file_ref idref="fl-67"/>
      </object_component>
      <object_component id="oc-9d">
         <name>.int54</name>
         <load_address>0xfffc</load_address>
         <run_address>0xfffc</run_address>
         <size>0x2</size>
         <input_file_ref idref="fl-68"/>
      </object_component>
      <object_component id="oc-463">
         <name>.reset</name>
         <load_address>0xfffe</load_address>
         <run_address>0xfffe</run_address>
         <size>0x2</size>
         <input_file_ref idref="fl-76"/>
      </object_component>
      <object_component id="oc-4ec">
         <name>.debug_info</name>
         <load_address>0x0</load_address>
         <run_address>0x0</run_address>
         <size>0x54c</size>
         <input_file_ref idref="fl-2"/>
      </object_component>
      <object_component id="oc-4ef">
         <name>.debug_info</name>
         <load_address>0x54c</load_address>
         <run_address>0x54c</run_address>
         <size>0xe8</size>
         <input_file_ref idref="fl-2"/>
      </object_component>
      <object_component id="oc-488">
         <name>.debug_info</name>
         <load_address>0x634</load_address>
         <run_address>0x634</run_address>
         <size>0x162</size>
         <input_file_ref idref="fl-2"/>
      </object_component>
      <object_component id="oc-552">
         <name>.debug_info</name>
         <load_address>0x796</load_address>
         <run_address>0x796</run_address>
         <size>0x26b</size>
         <input_file_ref idref="fl-2"/>
      </object_component>
      <object_component id="oc-561">
         <name>.debug_info</name>
         <load_address>0xa01</load_address>
         <run_address>0xa01</run_address>
         <size>0xee</size>
         <input_file_ref idref="fl-2"/>
      </object_component>
      <object_component id="oc-54d">
         <name>.debug_info</name>
         <load_address>0xaef</load_address>
         <run_address>0xaef</run_address>
         <size>0xf5</size>
         <input_file_ref idref="fl-2"/>
      </object_component>
      <object_component id="oc-540">
         <name>.debug_info</name>
         <load_address>0xbe4</load_address>
         <run_address>0xbe4</run_address>
         <size>0x8b</size>
         <input_file_ref idref="fl-2"/>
      </object_component>
      <object_component id="oc-55a">
         <name>.debug_info</name>
         <load_address>0xc6f</load_address>
         <run_address>0xc6f</run_address>
         <size>0x282</size>
         <input_file_ref idref="fl-2"/>
      </object_component>
      <object_component id="oc-4f8">
         <name>.debug_info</name>
         <load_address>0xef1</load_address>
         <run_address>0xef1</run_address>
         <size>0xbb</size>
         <input_file_ref idref="fl-2"/>
      </object_component>
      <object_component id="oc-4fe">
         <name>.debug_info</name>
         <load_address>0xfac</load_address>
         <run_address>0xfac</run_address>
         <size>0x863</size>
         <input_file_ref idref="fl-4"/>
      </object_component>
      <object_component id="oc-4e8">
         <name>.debug_info</name>
         <load_address>0x180f</load_address>
         <run_address>0x180f</run_address>
         <size>0x1c5</size>
         <input_file_ref idref="fl-4"/>
      </object_component>
      <object_component id="oc-59b">
         <name>.debug_info</name>
         <load_address>0x19d4</load_address>
         <run_address>0x19d4</run_address>
         <size>0x100</size>
         <input_file_ref idref="fl-4"/>
      </object_component>
      <object_component id="oc-5d6">
         <name>.debug_info</name>
         <load_address>0x1ad4</load_address>
         <run_address>0x1ad4</run_address>
         <size>0x258</size>
         <input_file_ref idref="fl-4"/>
      </object_component>
      <object_component id="oc-51c">
         <name>.debug_info</name>
         <load_address>0x1d2c</load_address>
         <run_address>0x1d2c</run_address>
         <size>0x541</size>
         <input_file_ref idref="fl-4"/>
      </object_component>
      <object_component id="oc-482">
         <name>.debug_info</name>
         <load_address>0x226d</load_address>
         <run_address>0x226d</run_address>
         <size>0x19f</size>
         <input_file_ref idref="fl-4"/>
      </object_component>
      <object_component id="oc-48e">
         <name>.debug_info</name>
         <load_address>0x240c</load_address>
         <run_address>0x240c</run_address>
         <size>0x1e2</size>
         <input_file_ref idref="fl-4"/>
      </object_component>
      <object_component id="oc-4d9">
         <name>.debug_info</name>
         <load_address>0x25ee</load_address>
         <run_address>0x25ee</run_address>
         <size>0x2c</size>
         <input_file_ref idref="fl-4"/>
      </object_component>
      <object_component id="oc-566">
         <name>.debug_info</name>
         <load_address>0x261a</load_address>
         <run_address>0x261a</run_address>
         <size>0xf5</size>
         <input_file_ref idref="fl-4"/>
      </object_component>
      <object_component id="oc-6b3">
         <name>.debug_info</name>
         <load_address>0x270f</load_address>
         <run_address>0x270f</run_address>
         <size>0x5e8</size>
         <input_file_ref idref="fl-5"/>
      </object_component>
      <object_component id="oc-64a">
         <name>.debug_info</name>
         <load_address>0x2cf7</load_address>
         <run_address>0x2cf7</run_address>
         <size>0xf8</size>
         <input_file_ref idref="fl-5"/>
      </object_component>
      <object_component id="oc-5cf">
         <name>.debug_info</name>
         <load_address>0x2def</load_address>
         <run_address>0x2def</run_address>
         <size>0x1a1</size>
         <input_file_ref idref="fl-5"/>
      </object_component>
      <object_component id="oc-5c2">
         <name>.debug_info</name>
         <load_address>0x2f90</load_address>
         <run_address>0x2f90</run_address>
         <size>0x256</size>
         <input_file_ref idref="fl-5"/>
      </object_component>
      <object_component id="oc-46a">
         <name>.debug_info</name>
         <load_address>0x31e6</load_address>
         <run_address>0x31e6</run_address>
         <size>0x84</size>
         <input_file_ref idref="fl-7"/>
      </object_component>
      <object_component id="oc-622">
         <name>.debug_info</name>
         <load_address>0x326a</load_address>
         <run_address>0x326a</run_address>
         <size>0x169</size>
         <input_file_ref idref="fl-b"/>
      </object_component>
      <object_component id="oc-58f">
         <name>.debug_info</name>
         <load_address>0x33d3</load_address>
         <run_address>0x33d3</run_address>
         <size>0x188</size>
         <input_file_ref idref="fl-b"/>
      </object_component>
      <object_component id="oc-583">
         <name>.debug_info</name>
         <load_address>0x355b</load_address>
         <run_address>0x355b</run_address>
         <size>0x242</size>
         <input_file_ref idref="fl-b"/>
      </object_component>
      <object_component id="oc-57d">
         <name>.debug_info</name>
         <load_address>0x379d</load_address>
         <run_address>0x379d</run_address>
         <size>0x1e6</size>
         <input_file_ref idref="fl-b"/>
      </object_component>
      <object_component id="oc-589">
         <name>.debug_info</name>
         <load_address>0x3983</load_address>
         <run_address>0x3983</run_address>
         <size>0x27c</size>
         <input_file_ref idref="fl-b"/>
      </object_component>
      <object_component id="oc-6fd">
         <name>.debug_info</name>
         <load_address>0x3bff</load_address>
         <run_address>0x3bff</run_address>
         <size>0x319</size>
         <input_file_ref idref="fl-b"/>
      </object_component>
      <object_component id="oc-6b6">
         <name>.debug_info</name>
         <load_address>0x3f18</load_address>
         <run_address>0x3f18</run_address>
         <size>0x30c</size>
         <input_file_ref idref="fl-b"/>
      </object_component>
      <object_component id="oc-64d">
         <name>.debug_info</name>
         <load_address>0x4224</load_address>
         <run_address>0x4224</run_address>
         <size>0x1dd</size>
         <input_file_ref idref="fl-b"/>
      </object_component>
      <object_component id="oc-62b">
         <name>.debug_info</name>
         <load_address>0x4401</load_address>
         <run_address>0x4401</run_address>
         <size>0x181</size>
         <input_file_ref idref="fl-f"/>
      </object_component>
      <object_component id="oc-501">
         <name>.debug_info</name>
         <load_address>0x4582</load_address>
         <run_address>0x4582</run_address>
         <size>0x1e0</size>
         <input_file_ref idref="fl-f"/>
      </object_component>
      <object_component id="oc-59e">
         <name>.debug_info</name>
         <load_address>0x4762</load_address>
         <run_address>0x4762</run_address>
         <size>0x20d</size>
         <input_file_ref idref="fl-f"/>
      </object_component>
      <object_component id="oc-5bc">
         <name>.debug_info</name>
         <load_address>0x496f</load_address>
         <run_address>0x496f</run_address>
         <size>0x21d</size>
         <input_file_ref idref="fl-f"/>
      </object_component>
      <object_component id="oc-5a4">
         <name>.debug_info</name>
         <load_address>0x4b8c</load_address>
         <run_address>0x4b8c</run_address>
         <size>0x1d2</size>
         <input_file_ref idref="fl-f"/>
      </object_component>
      <object_component id="oc-5c8">
         <name>.debug_info</name>
         <load_address>0x4d5e</load_address>
         <run_address>0x4d5e</run_address>
         <size>0x21f</size>
         <input_file_ref idref="fl-f"/>
      </object_component>
      <object_component id="oc-507">
         <name>.debug_info</name>
         <load_address>0x4f7d</load_address>
         <run_address>0x4f7d</run_address>
         <size>0x1e5</size>
         <input_file_ref idref="fl-f"/>
      </object_component>
      <object_component id="oc-6c2">
         <name>.debug_info</name>
         <load_address>0x5162</load_address>
         <run_address>0x5162</run_address>
         <size>0x18c</size>
         <input_file_ref idref="fl-10"/>
      </object_component>
      <object_component id="oc-659">
         <name>.debug_info</name>
         <load_address>0x52ee</load_address>
         <run_address>0x52ee</run_address>
         <size>0x202</size>
         <input_file_ref idref="fl-10"/>
      </object_component>
      <object_component id="oc-632">
         <name>.debug_info</name>
         <load_address>0x54f0</load_address>
         <run_address>0x54f0</run_address>
         <size>0x1f1</size>
         <input_file_ref idref="fl-10"/>
      </object_component>
      <object_component id="oc-661">
         <name>.debug_info</name>
         <load_address>0x56e1</load_address>
         <run_address>0x56e1</run_address>
         <size>0x2a1</size>
         <input_file_ref idref="fl-10"/>
      </object_component>
      <object_component id="oc-667">
         <name>.debug_info</name>
         <load_address>0x5982</load_address>
         <run_address>0x5982</run_address>
         <size>0x1e8</size>
         <input_file_ref idref="fl-10"/>
      </object_component>
      <object_component id="oc-4f2">
         <name>.debug_info</name>
         <load_address>0x5b6a</load_address>
         <run_address>0x5b6a</run_address>
         <size>0x1ee</size>
         <input_file_ref idref="fl-10"/>
      </object_component>
      <object_component id="oc-653">
         <name>.debug_info</name>
         <load_address>0x5d58</load_address>
         <run_address>0x5d58</run_address>
         <size>0x235</size>
         <input_file_ref idref="fl-10"/>
      </object_component>
      <object_component id="oc-644">
         <name>.debug_info</name>
         <load_address>0x5f8d</load_address>
         <run_address>0x5f8d</run_address>
         <size>0x1e2</size>
         <input_file_ref idref="fl-10"/>
      </object_component>
      <object_component id="oc-638">
         <name>.debug_info</name>
         <load_address>0x616f</load_address>
         <run_address>0x616f</run_address>
         <size>0x1cd</size>
         <input_file_ref idref="fl-10"/>
      </object_component>
      <object_component id="oc-63e">
         <name>.debug_info</name>
         <load_address>0x633c</load_address>
         <run_address>0x633c</run_address>
         <size>0x1e0</size>
         <input_file_ref idref="fl-10"/>
      </object_component>
      <object_component id="oc-6c7">
         <name>.debug_info</name>
         <load_address>0x651c</load_address>
         <run_address>0x651c</run_address>
         <size>0x188</size>
         <input_file_ref idref="fl-12"/>
      </object_component>
      <object_component id="oc-66e">
         <name>.debug_info</name>
         <load_address>0x66a4</load_address>
         <run_address>0x66a4</run_address>
         <size>0x21d</size>
         <input_file_ref idref="fl-12"/>
      </object_component>
      <object_component id="oc-61d">
         <name>.debug_info</name>
         <load_address>0x68c1</load_address>
         <run_address>0x68c1</run_address>
         <size>0x18b</size>
         <input_file_ref idref="fl-14"/>
      </object_component>
      <object_component id="oc-546">
         <name>.debug_info</name>
         <load_address>0x6a4c</load_address>
         <run_address>0x6a4c</run_address>
         <size>0x119</size>
         <input_file_ref idref="fl-14"/>
      </object_component>
      <object_component id="oc-577">
         <name>.debug_info</name>
         <load_address>0x6b65</load_address>
         <run_address>0x6b65</run_address>
         <size>0x26f</size>
         <input_file_ref idref="fl-14"/>
      </object_component>
      <object_component id="oc-5aa">
         <name>.debug_info</name>
         <load_address>0x6dd4</load_address>
         <run_address>0x6dd4</run_address>
         <size>0x244</size>
         <input_file_ref idref="fl-14"/>
      </object_component>
      <object_component id="oc-5b6">
         <name>.debug_info</name>
         <load_address>0x7018</load_address>
         <run_address>0x7018</run_address>
         <size>0x266</size>
         <input_file_ref idref="fl-14"/>
      </object_component>
      <object_component id="oc-5b0">
         <name>.debug_info</name>
         <load_address>0x727e</load_address>
         <run_address>0x727e</run_address>
         <size>0x224</size>
         <input_file_ref idref="fl-14"/>
      </object_component>
      <object_component id="oc-4e2">
         <name>.debug_info</name>
         <load_address>0x74a2</load_address>
         <run_address>0x74a2</run_address>
         <size>0x222</size>
         <input_file_ref idref="fl-14"/>
      </object_component>
      <object_component id="oc-595">
         <name>.debug_info</name>
         <load_address>0x76c4</load_address>
         <run_address>0x76c4</run_address>
         <size>0x16f</size>
         <input_file_ref idref="fl-1a"/>
      </object_component>
      <object_component id="oc-571">
         <name>.debug_info</name>
         <load_address>0x7833</load_address>
         <run_address>0x7833</run_address>
         <size>0x1cc</size>
         <input_file_ref idref="fl-28"/>
      </object_component>
      <object_component id="oc-4d6">
         <name>.debug_info</name>
         <load_address>0x79ff</load_address>
         <run_address>0x79ff</run_address>
         <size>0x17b</size>
         <input_file_ref idref="fl-4f"/>
      </object_component>
      <object_component id="oc-79">
         <name>.debug_info</name>
         <load_address>0x7b7a</load_address>
         <run_address>0x7b7a</run_address>
         <size>0x250</size>
         <input_file_ref idref="fl-4f"/>
      </object_component>
      <object_component id="oc-465">
         <name>.debug_info</name>
         <load_address>0x7dca</load_address>
         <run_address>0x7dca</run_address>
         <size>0x60</size>
         <input_file_ref idref="fl-4f"/>
      </object_component>
      <object_component id="oc-537">
         <name>.debug_info</name>
         <load_address>0x7e2a</load_address>
         <run_address>0x7e2a</run_address>
         <size>0x46</size>
         <input_file_ref idref="fl-4f"/>
      </object_component>
      <object_component id="oc-4d1">
         <name>.debug_info</name>
         <load_address>0x7e70</load_address>
         <run_address>0x7e70</run_address>
         <size>0x39</size>
         <input_file_ref idref="fl-4f"/>
      </object_component>
      <object_component id="oc-47b">
         <name>.debug_info</name>
         <load_address>0x7ea9</load_address>
         <run_address>0x7ea9</run_address>
         <size>0x18f</size>
         <input_file_ref idref="fl-50"/>
      </object_component>
      <object_component id="oc-7f">
         <name>.debug_info</name>
         <load_address>0x8038</load_address>
         <run_address>0x8038</run_address>
         <size>0x1d3</size>
         <input_file_ref idref="fl-50"/>
      </object_component>
      <object_component id="oc-476">
         <name>.debug_info</name>
         <load_address>0x820b</load_address>
         <run_address>0x820b</run_address>
         <size>0x46</size>
         <input_file_ref idref="fl-50"/>
      </object_component>
      <object_component id="oc-47d">
         <name>.debug_info</name>
         <load_address>0x8251</load_address>
         <run_address>0x8251</run_address>
         <size>0x10f</size>
         <input_file_ref idref="fl-52"/>
      </object_component>
      <object_component id="oc-513">
         <name>.debug_info</name>
         <load_address>0x8360</load_address>
         <run_address>0x8360</run_address>
         <size>0x17f</size>
         <input_file_ref idref="fl-69"/>
      </object_component>
      <object_component id="oc-494">
         <name>.debug_info</name>
         <load_address>0x84df</load_address>
         <run_address>0x84df</run_address>
         <size>0x1d7</size>
         <input_file_ref idref="fl-69"/>
      </object_component>
      <object_component id="oc-50e">
         <name>.debug_info</name>
         <load_address>0x86b6</load_address>
         <run_address>0x86b6</run_address>
         <size>0x46</size>
         <input_file_ref idref="fl-69"/>
      </object_component>
      <object_component id="oc-703">
         <name>.debug_info</name>
         <load_address>0x86fc</load_address>
         <run_address>0x86fc</run_address>
         <size>0x135</size>
         <input_file_ref idref="fl-6a"/>
      </object_component>
      <object_component id="oc-6f8">
         <name>.debug_info</name>
         <load_address>0x8831</load_address>
         <run_address>0x8831</run_address>
         <size>0x138</size>
         <input_file_ref idref="fl-6b"/>
      </object_component>
      <object_component id="oc-71d">
         <name>.debug_info</name>
         <load_address>0x8969</load_address>
         <run_address>0x8969</run_address>
         <size>0x121</size>
         <input_file_ref idref="fl-6c"/>
      </object_component>
      <object_component id="oc-6bd">
         <name>.debug_info</name>
         <load_address>0x8a8a</load_address>
         <run_address>0x8a8a</run_address>
         <size>0x123</size>
         <input_file_ref idref="fl-6d"/>
      </object_component>
      <object_component id="oc-461">
         <name>.debug_info</name>
         <load_address>0x8bad</load_address>
         <run_address>0x8bad</run_address>
         <size>0x100</size>
         <input_file_ref idref="fl-76"/>
      </object_component>
      <object_component id="oc-4be">
         <name>.debug_info</name>
         <load_address>0x8cad</load_address>
         <run_address>0x8cad</run_address>
         <size>0x193</size>
         <input_file_ref idref="fl-76"/>
      </object_component>
      <object_component id="oc-52e">
         <name>.debug_info</name>
         <load_address>0x8e40</load_address>
         <run_address>0x8e40</run_address>
         <size>0xf2</size>
         <input_file_ref idref="fl-77"/>
      </object_component>
      <object_component id="oc-68d">
         <name>.debug_info</name>
         <load_address>0x8f32</load_address>
         <run_address>0x8f32</run_address>
         <size>0x3fc</size>
         <input_file_ref idref="fl-79"/>
      </object_component>
      <object_component id="oc-601">
         <name>.debug_info</name>
         <load_address>0x932e</load_address>
         <run_address>0x932e</run_address>
         <size>0x230</size>
         <input_file_ref idref="fl-79"/>
      </object_component>
      <object_component id="oc-6df">
         <name>.debug_info</name>
         <load_address>0x955e</load_address>
         <run_address>0x955e</run_address>
         <size>0x39</size>
         <input_file_ref idref="fl-79"/>
      </object_component>
      <object_component id="oc-6f0">
         <name>.debug_info</name>
         <load_address>0x9597</load_address>
         <run_address>0x9597</run_address>
         <size>0x2c</size>
         <input_file_ref idref="fl-79"/>
      </object_component>
      <object_component id="oc-698">
         <name>.debug_info</name>
         <load_address>0x95c3</load_address>
         <run_address>0x95c3</run_address>
         <size>0x2c</size>
         <input_file_ref idref="fl-79"/>
      </object_component>
      <object_component id="oc-6e4">
         <name>.debug_info</name>
         <load_address>0x95ef</load_address>
         <run_address>0x95ef</run_address>
         <size>0xcd</size>
         <input_file_ref idref="fl-79"/>
      </object_component>
      <object_component id="oc-687">
         <name>.debug_info</name>
         <load_address>0x96bc</load_address>
         <run_address>0x96bc</run_address>
         <size>0x150</size>
         <input_file_ref idref="fl-7a"/>
      </object_component>
      <object_component id="oc-516">
         <name>.debug_info</name>
         <load_address>0x980c</load_address>
         <run_address>0x980c</run_address>
         <size>0x153</size>
         <input_file_ref idref="fl-7b"/>
      </object_component>
      <object_component id="oc-5dd">
         <name>.debug_info</name>
         <load_address>0x995f</load_address>
         <run_address>0x995f</run_address>
         <size>0x122</size>
         <input_file_ref idref="fl-7d"/>
      </object_component>
      <object_component id="oc-4d8">
         <name>.debug_info</name>
         <load_address>0x9a81</load_address>
         <run_address>0x9a81</run_address>
         <size>0x19a</size>
         <input_file_ref idref="fl-80"/>
      </object_component>
      <object_component id="oc-470">
         <name>.debug_info</name>
         <load_address>0x9c1b</load_address>
         <run_address>0x9c1b</run_address>
         <size>0x17a</size>
         <input_file_ref idref="fl-80"/>
      </object_component>
      <object_component id="oc-79a">
         <name>.debug_info</name>
         <load_address>0x9d95</load_address>
         <run_address>0x9d95</run_address>
         <size>0xbd</size>
      </object_component>
      <object_component id="oc-54c">
         <name>.debug_line</name>
         <load_address>0x0</load_address>
         <run_address>0x0</run_address>
         <size>0x1bc</size>
         <input_file_ref idref="fl-2"/>
      </object_component>
      <object_component id="oc-558">
         <name>.debug_line</name>
         <load_address>0x1bc</load_address>
         <run_address>0x1bc</run_address>
         <size>0x2f</size>
         <input_file_ref idref="fl-2"/>
      </object_component>
      <object_component id="oc-48b">
         <name>.debug_line</name>
         <load_address>0x1eb</load_address>
         <run_address>0x1eb</run_address>
         <size>0x4f</size>
         <input_file_ref idref="fl-2"/>
      </object_component>
      <object_component id="oc-555">
         <name>.debug_line</name>
         <load_address>0x23a</load_address>
         <run_address>0x23a</run_address>
         <size>0x7d</size>
         <input_file_ref idref="fl-2"/>
      </object_component>
      <object_component id="oc-564">
         <name>.debug_line</name>
         <load_address>0x2b7</load_address>
         <run_address>0x2b7</run_address>
         <size>0x93</size>
         <input_file_ref idref="fl-2"/>
      </object_component>
      <object_component id="oc-550">
         <name>.debug_line</name>
         <load_address>0x34a</load_address>
         <run_address>0x34a</run_address>
         <size>0x92</size>
         <input_file_ref idref="fl-2"/>
      </object_component>
      <object_component id="oc-543">
         <name>.debug_line</name>
         <load_address>0x3dc</load_address>
         <run_address>0x3dc</run_address>
         <size>0x20</size>
         <input_file_ref idref="fl-2"/>
      </object_component>
      <object_component id="oc-55d">
         <name>.debug_line</name>
         <load_address>0x3fc</load_address>
         <run_address>0x3fc</run_address>
         <size>0x81</size>
         <input_file_ref idref="fl-2"/>
      </object_component>
      <object_component id="oc-4fb">
         <name>.debug_line</name>
         <load_address>0x47d</load_address>
         <run_address>0x47d</run_address>
         <size>0x7e</size>
         <input_file_ref idref="fl-2"/>
      </object_component>
      <object_component id="oc-560">
         <name>.debug_line</name>
         <load_address>0x4fb</load_address>
         <run_address>0x4fb</run_address>
         <size>0x32d</size>
         <input_file_ref idref="fl-4"/>
      </object_component>
      <object_component id="oc-54a">
         <name>.debug_line</name>
         <load_address>0x828</load_address>
         <run_address>0x828</run_address>
         <size>0x42</size>
         <input_file_ref idref="fl-4"/>
      </object_component>
      <object_component id="oc-629">
         <name>.debug_line</name>
         <load_address>0x86a</load_address>
         <run_address>0x86a</run_address>
         <size>0x42</size>
         <input_file_ref idref="fl-4"/>
      </object_component>
      <object_component id="oc-5d9">
         <name>.debug_line</name>
         <load_address>0x8ac</load_address>
         <run_address>0x8ac</run_address>
         <size>0x63</size>
         <input_file_ref idref="fl-4"/>
      </object_component>
      <object_component id="oc-51f">
         <name>.debug_line</name>
         <load_address>0x90f</load_address>
         <run_address>0x90f</run_address>
         <size>0x169</size>
         <input_file_ref idref="fl-4"/>
      </object_component>
      <object_component id="oc-485">
         <name>.debug_line</name>
         <load_address>0xa78</load_address>
         <run_address>0xa78</run_address>
         <size>0x70</size>
         <input_file_ref idref="fl-4"/>
      </object_component>
      <object_component id="oc-491">
         <name>.debug_line</name>
         <load_address>0xae8</load_address>
         <run_address>0xae8</run_address>
         <size>0x73</size>
         <input_file_ref idref="fl-4"/>
      </object_component>
      <object_component id="oc-4dc">
         <name>.debug_line</name>
         <load_address>0xb5b</load_address>
         <run_address>0xb5b</run_address>
         <size>0x79</size>
         <input_file_ref idref="fl-4"/>
      </object_component>
      <object_component id="oc-569">
         <name>.debug_line</name>
         <load_address>0xbd4</load_address>
         <run_address>0xbd4</run_address>
         <size>0x39</size>
         <input_file_ref idref="fl-4"/>
      </object_component>
      <object_component id="oc-6f6">
         <name>.debug_line</name>
         <load_address>0xc0d</load_address>
         <run_address>0xc0d</run_address>
         <size>0x234</size>
         <input_file_ref idref="fl-5"/>
      </object_component>
      <object_component id="oc-6b2">
         <name>.debug_line</name>
         <load_address>0xe41</load_address>
         <run_address>0xe41</run_address>
         <size>0x39</size>
         <input_file_ref idref="fl-5"/>
      </object_component>
      <object_component id="oc-5d2">
         <name>.debug_line</name>
         <load_address>0xe7a</load_address>
         <run_address>0xe7a</run_address>
         <size>0x56</size>
         <input_file_ref idref="fl-5"/>
      </object_component>
      <object_component id="oc-5c5">
         <name>.debug_line</name>
         <load_address>0xed0</load_address>
         <run_address>0xed0</run_address>
         <size>0x61</size>
         <input_file_ref idref="fl-5"/>
      </object_component>
      <object_component id="oc-46d">
         <name>.debug_line</name>
         <load_address>0xf31</load_address>
         <run_address>0xf31</run_address>
         <size>0x20</size>
         <input_file_ref idref="fl-7"/>
      </object_component>
      <object_component id="oc-6aa">
         <name>.debug_line</name>
         <load_address>0xf51</load_address>
         <run_address>0xf51</run_address>
         <size>0x45</size>
         <input_file_ref idref="fl-b"/>
      </object_component>
      <object_component id="oc-592">
         <name>.debug_line</name>
         <load_address>0xf96</load_address>
         <run_address>0xf96</run_address>
         <size>0x68</size>
         <input_file_ref idref="fl-b"/>
      </object_component>
      <object_component id="oc-586">
         <name>.debug_line</name>
         <load_address>0xffe</load_address>
         <run_address>0xffe</run_address>
         <size>0x5c</size>
         <input_file_ref idref="fl-b"/>
      </object_component>
      <object_component id="oc-580">
         <name>.debug_line</name>
         <load_address>0x105a</load_address>
         <run_address>0x105a</run_address>
         <size>0x8f</size>
         <input_file_ref idref="fl-b"/>
      </object_component>
      <object_component id="oc-58c">
         <name>.debug_line</name>
         <load_address>0x10e9</load_address>
         <run_address>0x10e9</run_address>
         <size>0x7b</size>
         <input_file_ref idref="fl-b"/>
      </object_component>
      <object_component id="oc-700">
         <name>.debug_line</name>
         <load_address>0x1164</load_address>
         <run_address>0x1164</run_address>
         <size>0xc5</size>
         <input_file_ref idref="fl-b"/>
      </object_component>
      <object_component id="oc-6b9">
         <name>.debug_line</name>
         <load_address>0x1229</load_address>
         <run_address>0x1229</run_address>
         <size>0xac</size>
         <input_file_ref idref="fl-b"/>
      </object_component>
      <object_component id="oc-650">
         <name>.debug_line</name>
         <load_address>0x12d5</load_address>
         <run_address>0x12d5</run_address>
         <size>0x61</size>
         <input_file_ref idref="fl-b"/>
      </object_component>
      <object_component id="oc-6ac">
         <name>.debug_line</name>
         <load_address>0x1336</load_address>
         <run_address>0x1336</run_address>
         <size>0x20</size>
         <input_file_ref idref="fl-f"/>
      </object_component>
      <object_component id="oc-504">
         <name>.debug_line</name>
         <load_address>0x1356</load_address>
         <run_address>0x1356</run_address>
         <size>0x6b</size>
         <input_file_ref idref="fl-f"/>
      </object_component>
      <object_component id="oc-5a1">
         <name>.debug_line</name>
         <load_address>0x13c1</load_address>
         <run_address>0x13c1</run_address>
         <size>0x85</size>
         <input_file_ref idref="fl-f"/>
      </object_component>
      <object_component id="oc-5bf">
         <name>.debug_line</name>
         <load_address>0x1446</load_address>
         <run_address>0x1446</run_address>
         <size>0x68</size>
         <input_file_ref idref="fl-f"/>
      </object_component>
      <object_component id="oc-5a7">
         <name>.debug_line</name>
         <load_address>0x14ae</load_address>
         <run_address>0x14ae</run_address>
         <size>0x65</size>
         <input_file_ref idref="fl-f"/>
      </object_component>
      <object_component id="oc-5cb">
         <name>.debug_line</name>
         <load_address>0x1513</load_address>
         <run_address>0x1513</run_address>
         <size>0x68</size>
         <input_file_ref idref="fl-f"/>
      </object_component>
      <object_component id="oc-50a">
         <name>.debug_line</name>
         <load_address>0x157b</load_address>
         <run_address>0x157b</run_address>
         <size>0x65</size>
         <input_file_ref idref="fl-f"/>
      </object_component>
      <object_component id="oc-70a">
         <name>.debug_line</name>
         <load_address>0x15e0</load_address>
         <run_address>0x15e0</run_address>
         <size>0x20</size>
         <input_file_ref idref="fl-10"/>
      </object_component>
      <object_component id="oc-65c">
         <name>.debug_line</name>
         <load_address>0x1600</load_address>
         <run_address>0x1600</run_address>
         <size>0x64</size>
         <input_file_ref idref="fl-10"/>
      </object_component>
      <object_component id="oc-635">
         <name>.debug_line</name>
         <load_address>0x1664</load_address>
         <run_address>0x1664</run_address>
         <size>0x65</size>
         <input_file_ref idref="fl-10"/>
      </object_component>
      <object_component id="oc-664">
         <name>.debug_line</name>
         <load_address>0x16c9</load_address>
         <run_address>0x16c9</run_address>
         <size>0x8a</size>
         <input_file_ref idref="fl-10"/>
      </object_component>
      <object_component id="oc-66a">
         <name>.debug_line</name>
         <load_address>0x1753</load_address>
         <run_address>0x1753</run_address>
         <size>0x65</size>
         <input_file_ref idref="fl-10"/>
      </object_component>
      <object_component id="oc-4f5">
         <name>.debug_line</name>
         <load_address>0x17b8</load_address>
         <run_address>0x17b8</run_address>
         <size>0x6a</size>
         <input_file_ref idref="fl-10"/>
      </object_component>
      <object_component id="oc-656">
         <name>.debug_line</name>
         <load_address>0x1822</load_address>
         <run_address>0x1822</run_address>
         <size>0x6a</size>
         <input_file_ref idref="fl-10"/>
      </object_component>
      <object_component id="oc-647">
         <name>.debug_line</name>
         <load_address>0x188c</load_address>
         <run_address>0x188c</run_address>
         <size>0x64</size>
[...]
      </symbol>
      <symbol id="sm-39e">
         <name>UCB1I2COA0</name>
         <value>0x694</value>
      </symbol>
      <symbol id="sm-39f">
         <name>UCB1I2COA0_L</name>
         <value>0x694</value>
      </symbol>
      <symbol id="sm-3a0">
         <name>UCB1I2COA0_H</name>
         <value>0x695</value>
      </symbol>
      <symbol id="sm-3a1">
         <name>UCB1I2COA1</name>
         <value>0x696</value>
      </symbol>
      <symbol id="sm-3a2">
         <name>UCB1I2COA1_L</name>
         <value>0x696</value>
      </symbol>
      <symbol id="sm-3a3">
         <name>UCB1I2COA1_H</name>
         <value>0x697</value>
      </symbol>
      <symbol id="sm-3a4">
         <name>UCB1I2COA2</name>
         <value>0x698</value>
      </symbol>
      <symbol id="sm-3a5">
         <name>UCB1I2COA2_L</name>
         <value>0x698</value>
      </symbol>
      <symbol id="sm-3a6">
         <name>UCB1I2COA2_H</name>
         <value>0x699</value>
      </symbol>
      <symbol id="sm-3a7">
         <name>UCB1I2COA3</name>
         <value>0x69a</value>
      </symbol>
      <symbol id="sm-3a8">
         <name>UCB1I2COA3_L</name>
         <value>0x69a</value>
      </symbol>
      <symbol id="sm-3a9">
         <name>UCB1I2COA3_H</name>
         <value>0x69b</value>
      </symbol>
      <symbol id="sm-3aa">
         <name>UCB1ADDRX</name>
         <value>0x69c</value>
      </symbol>
      <symbol id="sm-3ab">
         <name>UCB1ADDRX_L</name>
         <value>0x69c</value>
      </symbol>
      <symbol id="sm-3ac">
         <name>UCB1ADDRX_H</name>
         <value>0x69d</value>
      </symbol>
      <symbol id="sm-3ad">
         <name>UCB1ADDMASK</name>
         <value>0x69e</value>
      </symbol>
      <symbol id="sm-3ae">
         <name>UCB1ADDMASK_L</name>
         <value>0x69e</value>
      </symbol>
      <symbol id="sm-3af">
         <name>UCB1ADDMASK_H</name>
         <value>0x69f</value>
      </symbol>
      <symbol id="sm-3b0">
         <name>UCB1I2CSA</name>
         <value>0x6a0</value>
      </symbol>
      <symbol id="sm-3b1">
         <name>UCB1I2CSA_L</name>
         <value>0x6a0</value>
      </symbol>
      <symbol id="sm-3b2">
         <name>UCB1I2CSA_H</name>
         <value>0x6a1</value>
      </symbol>
      <symbol id="sm-3b3">
         <name>UCB1IE</name>
         <value>0x6aa</value>
      </symbol>
      <symbol id="sm-3b4">
         <name>UCB1IE_L</name>
         <value>0x6aa</value>
      </symbol>
      <symbol id="sm-3b5">
         <name>UCB1IE_H</name>
         <value>0x6ab</value>
      </symbol>
      <symbol id="sm-3b6">
         <name>UCB1IFG</name>
         <value>0x6ac</value>
      </symbol>
      <symbol id="sm-3b7">
         <name>UCB1IFG_L</name>
         <value>0x6ac</value>
      </symbol>
      <symbol id="sm-3b8">
         <name>UCB1IFG_H</name>
         <value>0x6ad</value>
      </symbol>
      <symbol id="sm-3b9">
         <name>UCB1IV</name>
         <value>0x6ae</value>
      </symbol>
      <symbol id="sm-3ba">
         <name>WDTCTL</name>
         <value>0x15c</value>
      </symbol>
      <symbol id="sm-3bb">
         <name>WDTCTL_L</name>
         <value>0x15c</value>
      </symbol>
      <symbol id="sm-3bc">
         <name>WDTCTL_H</name>
         <value>0x15d</value>
      </symbol>
      <symbol id="sm-3bd">
         <name>fram_rw_start</name>
         <value>0x4400</value>
      </symbol>
      <symbol id="sm-3be">
         <name>fram_ipe_start</name>
         <value>0x4400</value>
      </symbol>
      <symbol id="sm-3bf">
         <name>fram_ipe_end</name>
         <value>0x4400</value>
      </symbol>
      <symbol id="sm-3c0">
         <name>fram_rx_start</name>
         <value>0x4400</value>
      </symbol>
      <symbol id="sm-3c1">
         <name>__TI_CINIT_Base</name>
         <value>0x45d2</value>
      </symbol>
      <symbol id="sm-3c2">
         <name>__TI_CINIT_Limit</name>
         <value>0x45e2</value>
      </symbol>
      <symbol id="sm-3c3">
         <name>__TI_Handler_Table_Base</name>
         <value>0x45c0</value>
      </symbol>
      <symbol id="sm-3c4">
         <name>__TI_Handler_Table_Limit</name>
         <value>0x45cc</value>
      </symbol>
      <symbol id="sm-3c5">
         <name>__STACK_SIZE</name>
         <value>0xa0</value>
      </symbol>
      <symbol id="sm-3c6">
         <name>__STACK_END</name>
         <value>0x2400</value>
      </symbol>
      <symbol id="sm-3c7">
         <name>__c_args__</name>
         <value>0xffffffff</value>
      </symbol>
      <symbol id="sm-3c8">
         <name>__TI_pprof_out_hndl</name>
         <value>0xffffffff</value>
      </symbol>
      <symbol id="sm-3c9">
         <name>__TI_prof_data_start</name>
         <value>0xffffffff</value>
      </symbol>
      <symbol id="sm-3ca">
         <name>__TI_prof_data_size</name>
         <value>0xffffffff</value>
      </symbol>
      <symbol id="sm-45d">
         <name>RXData</name>
         <value>0x1c1a</value>
      </symbol>
      <symbol id="sm-45e">
         <name>temp</name>
         <value>0x1c32</value>
         <object_component_ref idref="oc-4ee"/>
      </symbol>
      <symbol id="sm-45f">
         <name>__TI_int46</name>
         <value>0xffec</value>
         <object_component_ref idref="oc-96"/>
      </symbol>
      <symbol id="sm-460">
         <name>USCIB0_ISR</name>
         <value>0x4502</value>
         <object_component_ref idref="oc-487"/>
      </symbol>
      <symbol id="sm-4b0">
         <name>trama_rx</name>
         <value>0x1c00</value>
      </symbol>
      <symbol id="sm-4b1">
         <name>innout</name>
         <value>0x1c1e</value>
      </symbol>
      <symbol id="sm-4b2">
         <name>date_time</name>
         <value>0x1c0e</value>
      </symbol>
      <symbol id="sm-4b3">
         <name>__TI_int37</name>
         <value>0xffda</value>
         <object_component_ref idref="oc-8d"/>
      </symbol>
      <symbol id="sm-4b4">
         <name>estado_main</name>
         <value>0x1c24</value>
         <object_component_ref idref="oc-4e7"/>
      </symbol>
      <symbol id="sm-4b5">
         <name>num_aves</name>
         <value>0x1c26</value>
         <object_component_ref idref="oc-4e7"/>
      </symbol>
      <symbol id="sm-4b6">
         <name>__TI_int47</name>
         <value>0xffee</value>
         <object_component_ref idref="oc-97"/>
      </symbol>
      <symbol id="sm-4b7">
         <name>j</name>
         <value>0x1c28</value>
         <object_component_ref idref="oc-4e7"/>
      </symbol>
      <symbol id="sm-4b8">
         <name>save_movimiento</name>
         <value>0x10a2c</value>
         <object_component_ref idref="oc-5d5"/>
      </symbol>
      <symbol id="sm-4b9">
         <name>EUSCI_A0_ISR</name>
         <value>0x4400</value>
         <object_component_ref idref="oc-48d"/>
      </symbol>
      <symbol id="sm-4ba">
         <name>pointer</name>
         <value>0x1c20</value>
         <object_component_ref idref="oc-4e7"/>
      </symbol>
      <symbol id="sm-4bb">
         <name>main</name>
         <value>0x10000</value>
         <object_component_ref idref="oc-51b"/>
      </symbol>
      <symbol id="sm-4bc">
         <name>estado_trama</name>
         <value>0x1c27</value>
         <object_component_ref idref="oc-4e7"/>
      </symbol>
      <symbol id="sm-4bd">
         <name>capturado</name>
         <value>0x1c29</value>
         <object_component_ref idref="oc-4e7"/>
      </symbol>
      <symbol id="sm-4be">
         <name>inputs</name>
         <value>0x1c25</value>
         <object_component_ref idref="oc-4e7"/>
      </symbol>
      <symbol id="sm-4bf">
         <name>INTERRPTORES_ISR</name>
         <value>0x44a2</value>
         <object_component_ref idref="oc-481"/>
      </symbol>
      <symbol id="sm-4db">
         <name>init_i2c</name>
         <value>0x10746</value>
         <object_component_ref idref="oc-5c1"/>
      </symbol>
      <symbol id="sm-4dc">
         <name>start_i2c_rtc</name>
         <value>0x10be8</value>
         <object_component_ref idref="oc-5ce"/>
      </symbol>
      <symbol id="sm-55e">
         <name>CS_turnOnLFXT</name>
         <value>0x10b04</value>
         <object_component_ref idref="oc-58e"/>
      </symbol>
      <symbol id="sm-55f">
         <name>CS_setDCOFreq</name>
         <value>0x103fa</value>
         <object_component_ref idref="oc-57c"/>
      </symbol>
      <symbol id="sm-560">
         <name>CS_setExternalClockSource</name>
         <value>0x10d30</value>
         <object_component_ref idref="oc-582"/>
      </symbol>
      <symbol id="sm-561">
         <name>CS_getSMCLK</name>
         <value>0x10cec</value>
         <object_component_ref idref="oc-64c"/>
      </symbol>
      <symbol id="sm-562">
         <name>CS_initClockSignal</name>
         <value>0x108b6</value>
         <object_component_ref idref="oc-588"/>
      </symbol>
      <symbol id="sm-599">
         <name>EUSCI_A_UART_enableInterrupt</name>
         <value>0x10c2e</value>
         <object_component_ref idref="oc-5bb"/>
      </symbol>
      <symbol id="sm-59a">
         <name>EUSCI_A_UART_init</name>
         <value>0x1061a</value>
         <object_component_ref idref="oc-59d"/>
      </symbol>
      <symbol id="sm-59b">
         <name>EUSCI_A_UART_enable</name>
         <value>0x10dae</value>
         <object_component_ref idref="oc-5a3"/>
      </symbol>
      <symbol id="sm-59c">
         <name>EUSCI_A_UART_disableInterrupt</name>
         <value>0x10c0c</value>
         <object_component_ref idref="oc-5c7"/>
      </symbol>
      <symbol id="sm-59d">
         <name>EUSCI_A_UART_receiveData</name>
         <value>0x10c50</value>
         <object_component_ref idref="oc-500"/>
      </symbol>
      <symbol id="sm-59e">
         <name>EUSCI_A_UART_clearInterrupt</name>
         <value>0x10d66</value>
         <object_component_ref idref="oc-506"/>
      </symbol>
      <symbol id="sm-5ec">
         <name>EUSCI_B_I2C_initMaster</name>
         <value>0x10920</value>
         <object_component_ref idref="oc-652"/>
      </symbol>
      <symbol id="sm-5ed">
         <name>EUSCI_B_I2C_clearInterrupt</name>
         <value>0x10d72</value>
         <object_component_ref idref="oc-63d"/>
      </symbol>
      <symbol id="sm-5ee">
         <name>EUSCI_B_I2C_setSlaveAddress</name>
         <value>0x10da2</value>
         <object_component_ref idref="oc-658"/>
      </symbol>
      <symbol id="sm-5ef">
         <name>EUSCI_B_I2C_setMode</name>
         <value>0x10d96</value>
         <object_component_ref idref="oc-631"/>
      </symbol>
      <symbol id="sm-5f0">
         <name>EUSCI_B_I2C_masterReceiveStart</name>
         <value>0x10d8a</value>
         <object_component_ref idref="oc-666"/>
      </symbol>
      <symbol id="sm-5f1">
         <name>EUSCI_B_I2C_masterReceiveSingle</name>
         <value>0x10c70</value>
         <object_component_ref idref="oc-4f1"/>
      </symbol>
      <symbol id="sm-5f2">
         <name>EUSCI_B_I2C_enableInterrupt</name>
         <value>0x10d7e</value>
         <object_component_ref idref="oc-643"/>
      </symbol>
      <symbol id="sm-5f3">
         <name>EUSCI_B_I2C_enable</name>
         <value>0x10db4</value>
         <object_component_ref idref="oc-637"/>
      </symbol>
      <symbol id="sm-5f4">
         <name>EUSCI_B_I2C_masterSendSingleByteWithTimeout</name>
         <value>0x106b4</value>
         <object_component_ref idref="oc-660"/>
      </symbol>
      <symbol id="sm-603">
         <name>FRAMCtl_write8</name>
         <value>0x10d42</value>
         <object_component_ref idref="oc-66d"/>
      </symbol>
      <symbol id="sm-63c">
         <name>GPIO_clearInterrupt</name>
         <value>0x10cb0</value>
         <object_component_ref idref="oc-4e1"/>
      </symbol>
      <symbol id="sm-63d">
         <name>GPIO_selectInterruptEdge</name>
         <value>0x10b3e</value>
         <object_component_ref idref="oc-5b5"/>
      </symbol>
      <symbol id="sm-63e">
         <name>GPIO_setAsInputPinWithPullUpResistor</name>
         <value>0x10a7a</value>
         <object_component_ref idref="oc-5a9"/>
      </symbol>
      <symbol id="sm-63f">
         <name>GPIO_enableInterrupt</name>
         <value>0x10cce</value>
         <object_component_ref idref="oc-5af"/>
      </symbol>
      <symbol id="sm-640">
         <name>GPIO_setAsPeripheralModuleFunctionInputPin</name>
         <value>0x10844</value>
         <object_component_ref idref="oc-576"/>
      </symbol>
      <symbol id="sm-64e">
         <name>PMM_unlockLPM5</name>
         <value>0x10dba</value>
         <object_component_ref idref="oc-594"/>
      </symbol>
      <symbol id="sm-664">
         <name>WDT_A_hold</name>
         <value>0x10c90</value>
         <object_component_ref idref="oc-570"/>
      </symbol>
      <symbol id="sm-687">
         <name>__TI_decompress_lzss</name>
         <value>0x107ce</value>
         <object_component_ref idref="oc-78"/>
      </symbol>
      <symbol id="sm-698">
         <name>__TI_decompress_none</name>
         <value>0x10d54</value>
         <object_component_ref idref="oc-7e"/>
      </symbol>
      <symbol id="sm-69b">
         <name>__TI_int27</name>
         <value>0xffc6</value>
         <object_component_ref idref="oc-84"/>
      </symbol>
      <symbol id="sm-6a3">
         <name>__TI_ISR_TRAP</name>
         <value>0x4572</value>
         <object_component_ref idref="oc-47c"/>
      </symbol>
      <symbol id="sm-6a6">
         <name>__TI_int28</name>
         <value>0xffc8</value>
         <object_component_ref idref="oc-85"/>
      </symbol>
      <symbol id="sm-6a9">
         <name>__TI_int30</name>
         <value>0xffcc</value>
         <object_component_ref idref="oc-86"/>
      </symbol>
      <symbol id="sm-6ac">
         <name>__TI_int31</name>
         <value>0xffce</value>
         <object_component_ref idref="oc-87"/>
      </symbol>
      <symbol id="sm-6af">
         <name>__TI_int32</name>
         <value>0xffd0</value>
         <object_component_ref idref="oc-88"/>
      </symbol>
      <symbol id="sm-6b2">
         <name>__TI_int33</name>
         <value>0xffd2</value>
         <object_component_ref idref="oc-89"/>
      </symbol>
      <symbol id="sm-6b5">
         <name>__TI_int34</name>
         <value>0xffd4</value>
         <object_component_ref idref="oc-8a"/>
      </symbol>
      <symbol id="sm-6b8">
         <name>__TI_int35</name>
         <value>0xffd6</value>
         <object_component_ref idref="oc-8b"/>
      </symbol>
      <symbol id="sm-6bb">
         <name>__TI_int36</name>
         <value>0xffd8</value>
         <object_component_ref idref="oc-8c"/>
      </symbol>
      <symbol id="sm-6be">
         <name>__TI_int38</name>
         <value>0xffdc</value>
         <object_component_ref idref="oc-8e"/>
      </symbol>
      <symbol id="sm-6c1">
         <name>__TI_int39</name>
         <value>0xffde</value>
         <object_component_ref idref="oc-8f"/>
      </symbol>
      <symbol id="sm-6c4">
         <name>__TI_int40</name>
         <value>0xffe0</value>
         <object_component_ref idref="oc-90"/>
      </symbol>
      <symbol id="sm-6c7">
         <name>__TI_int41</name>
         <value>0xffe2</value>
         <object_component_ref idref="oc-91"/>
      </symbol>
      <symbol id="sm-6ca">
         <name>__TI_int42</name>
         <value>0xffe4</value>
         <object_component_ref idref="oc-92"/>
      </symbol>
      <symbol id="sm-6cd">
         <name>__TI_int43</name>
         <value>0xffe6</value>
         <object_component_ref idref="oc-93"/>
      </symbol>
      <symbol id="sm-6d0">
         <name>__TI_int44</name>
         <value>0xffe8</value>
         <object_component_ref idref="oc-94"/>
      </symbol>
      <symbol id="sm-6d3">
         <name>__TI_int45</name>
         <value>0xffea</value>
         <object_component_ref idref="oc-95"/>
      </symbol>
      <symbol id="sm-6d6">
         <name>__TI_int49</name>
         <value>0xfff2</value>
         <object_component_ref idref="oc-98"/>
      </symbol>
      <symbol id="sm-6d9">
         <name>__TI_int50</name>
         <value>0xfff4</value>
         <object_component_ref idref="oc-99"/>
      </symbol>
      <symbol id="sm-6dc">
         <name>__TI_int51</name>
         <value>0xfff6</value>
         <object_component_ref idref="oc-9a"/>
      </symbol>
      <symbol id="sm-6df">
         <name>__TI_int52</name>
         <value>0xfff8</value>
         <object_component_ref idref="oc-9b"/>
      </symbol>
      <symbol id="sm-6e2">
         <name>__TI_int53</name>
         <value>0xfffa</value>
         <object_component_ref idref="oc-9c"/>
      </symbol>
      <symbol id="sm-6e5">
         <name>__TI_int54</name>
         <value>0xfffc</value>
         <object_component_ref idref="oc-9d"/>
      </symbol>
      <symbol id="sm-6f8">
         <name>__TI_zero_init_nomemset</name>
         <value>0x10bc4</value>
         <object_component_ref idref="oc-493"/>
      </symbol>
      <symbol id="sm-704">
         <name>__mspabi_remi</name>
         <value>0x10b98</value>
         <object_component_ref idref="oc-702"/>
      </symbol>
      <symbol id="sm-705">
         <name>__mspabi_divi</name>
         <value>0x10b98</value>
         <object_component_ref idref="oc-702"/>
      </symbol>
      <symbol id="sm-711">
         <name>__mspabi_remli</name>
         <value>0x10ac4</value>
         <object_component_ref idref="oc-6f7"/>
      </symbol>
      <symbol id="sm-712">
         <name>__mspabi_divli</name>
         <value>0x10ac4</value>
         <object_component_ref idref="oc-6f7"/>
      </symbol>
      <symbol id="sm-71c">
         <name>__mspabi_remu</name>
         <value>0x10d06</value>
         <object_component_ref idref="oc-71c"/>
      </symbol>
      <symbol id="sm-71d">
         <name>__mspabi_divu</name>
         <value>0x10d06</value>
         <object_component_ref idref="oc-71c"/>
      </symbol>
      <symbol id="sm-72b">
         <name>__mspabi_remul</name>
         <value>0x10980</value>
         <object_component_ref idref="oc-6bc"/>
      </symbol>
      <symbol id="sm-72c">
         <name>__mspabi_divul</name>
         <value>0x10980</value>
         <object_component_ref idref="oc-6bc"/>
      </symbol>
      <symbol id="sm-744">
         <name>_c_int00_noargs_mpu</name>
         <value>0x4552</value>
         <object_component_ref idref="oc-4bd"/>
      </symbol>
      <symbol id="sm-745">
         <name>_stack</name>
         <value>0x2360</value>
         <object_component_ref idref="oc-460"/>
      </symbol>
      <symbol id="sm-746">
         <name>_reset_vector</name>
         <value>0xfffe</value>
         <object_component_ref idref="oc-463"/>
      </symbol>
      <symbol id="sm-74f">
         <name>__mpu_init</name>
         <value>0x10b6c</value>
         <object_component_ref idref="oc-52d"/>
      </symbol>
      <symbol id="sm-773">
         <name>__TI_auto_init_nobinit_nopinit_hold_wdt</name>
         <value>0x109d8</value>
         <object_component_ref idref="oc-600"/>
      </symbol>
      <symbol id="sm-77c">
         <name>_system_post_cinit</name>
         <value>0x10dca</value>
         <object_component_ref idref="oc-686"/>
      </symbol>
      <symbol id="sm-785">
         <name>_system_pre_init</name>
         <value>0x10dc6</value>
         <object_component_ref idref="oc-515"/>
      </symbol>
      <symbol id="sm-790">
         <name>C$$EXIT</name>
         <value>0x10dc0</value>
         <object_component_ref idref="oc-5dc"/>
      </symbol>
      <symbol id="sm-791">
         <name>abort</name>
         <value>0x10dc0</value>
         <object_component_ref idref="oc-5dc"/>
      </symbol>
      <symbol id="sm-7a1">
         <name>memcpy</name>
         <value>0x10d1c</value>
         <object_component_ref idref="oc-46f"/>
      </symbol>
   </symbol_table>
   <title>Link errors: red sections failed placement</title>
</link_info>
